#
# There is insufficient memory for the Java Runtime Environment to continue.
# Native memory allocation (mmap) failed to map 65536 bytes. Error detail: Failed to commit metaspace.
# Possible reasons:
#   The system is out of physical RAM or swap space
#   This process is running with CompressedOops enabled, and the Java Heap may be blocking the growth of the native heap
# Possible solutions:
#   Reduce memory load on the system
#   Increase physical memory or swap space
#   Check if swap backing store is full
#   Decrease Java heap size (-Xmx/-Xms)
#   Decrease number of Java threads
#   Decrease Java thread stack sizes (-Xss)
#   Set larger code cache with -XX:ReservedCodeCacheSize=
#   JVM is running with Unscaled Compressed Oops mode in which the Java heap is
#     placed in the first 4GB address space. The Java Heap base address is the
#     maximum limit for the native heap growth. Please use -XX:HeapBaseMinAddress
#     to set the Java Heap base and to place the Java Heap above 4GB virtual address.
# This output file may be truncated or incomplete.
#
#  Out of Memory Error (virtualSpaceNode.cpp:110), pid=3512, tid=4656
#
# JRE version: OpenJDK Runtime Environment Microsoft-13106358 (17.0.18+8) (build 17.0.18+8-LTS)
# Java VM: OpenJDK 64-Bit Server VM Microsoft-13106358 (17.0.18+8-LTS, mixed mode, emulated-client, sharing, tiered, compressed oops, compressed class ptrs, g1 gc, windows-amd64)
# No core dump will be written. Minidumps are not enabled by default on client versions of Windows
#

---------------  S U M M A R Y ------------

Command Line: -XX:TieredStopAtLevel=1 com.example.JWTImplemenation.JwtImplemenationApplication --spring.profiles.active=local

Host: Intel(R) Core(TM) i3-10100 CPU @ 3.60GHz, 8 cores, 7G,  Windows 10 , 64 bit Build 19041 (10.0.19041.5915)
Time: Sun Mar 22 22:36:08 2026 SE Asia Standard Time elapsed time: 1.136062 seconds (0d 0h 0m 1s)

---------------  T H R E A D  ---------------

Current thread (0x000002a9dbc64d40):  JavaThread "background-preinit" [_thread_in_vm, id=4656, stack(0x000000f7be500000,0x000000f7be600000)]

Stack: [0x000000f7be500000,0x000000f7be600000]
Native frames: (J=compiled Java code, j=interpreted, Vv=VM code, C=native code)
V  [jvm.dll+0x68c879]  (no source info available)
V  [jvm.dll+0x845979]  (no source info available)
V  [jvm.dll+0x8476e8]  (no source info available)
V  [jvm.dll+0x847d73]  (no source info available)
V  [jvm.dll+0x24cf6f]  (no source info available)
V  [jvm.dll+0x841757]  (no source info available)
V  [jvm.dll+0x6330db]  (no source info available)
V  [jvm.dll+0x1c4c0d]  (no source info available)
V  [jvm.dll+0x635a62]  (no source info available)
V  [jvm.dll+0x633a96]  (no source info available)
V  [jvm.dll+0x24a87e]  (no source info available)
V  [jvm.dll+0x6e5b2d]  (no source info available)
V  [jvm.dll+0x6e650f]  (no source info available)
V  [jvm.dll+0x37e57d]  (no source info available)
V  [jvm.dll+0x37e3f5]  (no source info available)
V  [jvm.dll+0x37d604]  (no source info available)
V  [jvm.dll+0x37d5a8]  (no source info available)
V  [jvm.dll+0x572865]  (no source info available)
V  [jvm.dll+0x572918]  (no source info available)
V  [jvm.dll+0x3912d5]  (no source info available)
V  [jvm.dll+0x390dbf]  (no source info available)
C  0x000002a98b757a95  (no source info available)

The last pc belongs to getstatic (printed below).
Java frames: (J=compiled Java code, j=interpreted, Vv=VM code)
j  com.fasterxml.jackson.databind.ObjectMapper.<init>(Lcom/fasterxml/jackson/core/JsonFactory;Lcom/fasterxml/jackson/databind/ser/DefaultSerializerProvider;Lcom/fasterxml/jackson/databind/deser/DefaultDeserializationContext;)V+274
j  com.fasterxml.jackson.databind.ObjectMapper.<init>()V+4
j  org.springframework.http.converter.json.Jackson2ObjectMapperBuilder.build()Lcom/fasterxml/jackson/databind/ObjectMapper;+81
j  org.springframework.http.converter.json.MappingJackson2HttpMessageConverter.<init>()V+4
j  org.springframework.http.converter.support.AllEncompassingFormHttpMessageConverter.<init>()V+55
j  org.springframework.boot.autoconfigure.BackgroundPreinitializer$MessageConverterInitializer.run()V+4
j  org.springframework.boot.autoconfigure.BackgroundPreinitializer$1.runSafely(Ljava/lang/Runnable;)Z+1
j  org.springframework.boot.autoconfigure.BackgroundPreinitializer$1.run()V+32
j  java.lang.Thread.run()V+11 java.base@17.0.18
v  ~StubRoutines::call_stub
getstatic  178 getstatic  [0x000002a98b7579e0, 0x000002a98b757be0]  512 bytes
[MachCode]
  0x000002a98b7579e0: 4883 ec08 | c5fa 1104 | 24eb 1f48 | 83ec 10c5 | fb11 0424 | eb14 4883 | ec10 4889 | 0424 48c7 
  0x000002a98b757a00: 4424 0800 | 0000 00eb | 0150 410f | b755 0148 | 8b4d d0c1 | e202 8b5c | d120 c1eb | 1081 e3ff 
  0x000002a98b757a20: 0000 0081 | fbb2 0000 | 000f 84b6 | 0000 00bb | b200 0000 | e805 0000 | 00e9 9b00 | 0000 488b 
  0x000002a98b757a40: d348 8d44 | 2408 4c89 | 6dc0 498b | cfc5 f877 | 4989 afb0 | 0200 0049 | 8987 a002 | 0000 4883 
  0x000002a98b757a60: ec20 f7c4 | 0f00 0000 | 0f84 1a00 | 0000 4883 | ec08 49ba | 600d 5195 | ff7f 0000 | 41ff d248 
  0x000002a98b757a80: 83c4 08e9 | 0d00 0000 | 49ba 600d | 5195 ff7f | 0000 41ff | d248 83c4 | 2049 c787 | a002 0000 
  0x000002a98b757aa0: 0000 0000 | 49c7 87b0 | 0200 0000 | 0000 0049 | c787 a802 | 0000 0000 | 0000 c5f8 | 7749 817f 
  0x000002a98b757ac0: 0800 0000 | 000f 8405 | 0000 00e9 | 3094 feff | 4c8b 6dc0 | 4c8b 75c8 | c341 0fb7 | 5501 488b 
  0x000002a98b757ae0: 4dd0 c1e2 | 0248 8b5c | d130 8b44 | d138 4c8b | 4cd1 284d | 8b49 704d | 8b09 c1e8 | 1c83 e00f 
  0x000002a98b757b00: 0f85 0b00 | 0000 410f | be04 1950 | e9b1 0000 | 0083 f801 | 0f85 0b00 | 0000 410f | b604 1950 
  0x000002a98b757b20: e99d 0000 | 0083 f808 | 0f85 0a00 | 0000 418b | 0419 50e9 | 8a00 0000 | 83f8 040f | 850a 0000 
  0x000002a98b757b40: 0041 8b04 | 1950 e977 | 0000 0083 | f802 0f85 | 0b00 0000 | 410f b704 | 1950 e963 | 0000 0083 
  0x000002a98b757b60: f803 0f85 | 0b00 0000 | 410f bf04 | 1950 e94f | 0000 0083 | f805 0f85 | 1a00 0000 | 498b 0419 
  0x000002a98b757b80: 4883 ec10 | 4889 0424 | 48c7 4424 | 0800 0000 | 00e9 2c00 | 0000 83f8 | 060f 8514 | 0000 00c4 
  0x000002a98b757ba0: c17a 1004 | 1948 83ec | 08c5 fa11 | 0424 e90f | 0000 00c4 | c17b 1004 | 1948 83ec | 10c5 fb11 
  0x000002a98b757bc0: 0424 410f | b65d 0349 | 83c5 0349 | ba20 22d4 | 95ff 7f00 | 0041 ff24 | da0f 1f80 | 0000 0000 
[/MachCode]

---------------  P R O C E S S  ---------------

Threads class SMR info:
_java_thread_list=0x000002a9dbc8d550, length=14, elements={
0x000002a983bd4e50, 0x000002a995dcc450, 0x000002a995dcd2d0, 0x000002a995de4f00,
0x000002a995de5b80, 0x000002a995de6800, 0x000002a995de81d0, 0x000002a995debc60,
0x000002a995ded3a0, 0x000002a9db1a7fe0, 0x000002a9db1bb230, 0x000002a9db1bfb70,
0x000002a9dbb324e0, 0x000002a9dbc64d40
}

Java Threads: ( => current thread )
  0x000002a983bd4e50 JavaThread "main" [_thread_in_vm, id=27536, stack(0x000000f7bcd00000,0x000000f7bce00000)]
  0x000002a995dcc450 JavaThread "Reference Handler" daemon [_thread_blocked, id=3220, stack(0x000000f7bd400000,0x000000f7bd500000)]
  0x000002a995dcd2d0 JavaThread "Finalizer" daemon [_thread_blocked, id=13852, stack(0x000000f7bd500000,0x000000f7bd600000)]
  0x000002a995de4f00 JavaThread "Signal Dispatcher" daemon [_thread_blocked, id=7820, stack(0x000000f7bd600000,0x000000f7bd700000)]
  0x000002a995de5b80 JavaThread "Attach Listener" daemon [_thread_blocked, id=27604, stack(0x000000f7bd700000,0x000000f7bd800000)]
  0x000002a995de6800 JavaThread "Service Thread" daemon [_thread_blocked, id=6900, stack(0x000000f7bd800000,0x000000f7bd900000)]
  0x000002a995de81d0 JavaThread "Monitor Deflation Thread" daemon [_thread_blocked, id=11216, stack(0x000000f7bd900000,0x000000f7bda00000)]
  0x000002a995debc60 JavaThread "C1 CompilerThread0" daemon [_thread_blocked, id=4736, stack(0x000000f7bda00000,0x000000f7bdb00000)]
  0x000002a995ded3a0 JavaThread "Sweeper thread" daemon [_thread_blocked, id=4360, stack(0x000000f7bdb00000,0x000000f7bdc00000)]
  0x000002a9db1a7fe0 JavaThread "C1 CompilerThread1" daemon [_thread_blocked, id=11024, stack(0x000000f7bdc00000,0x000000f7bdd00000)]
  0x000002a9db1bb230 JavaThread "Notification Thread" daemon [_thread_blocked, id=13804, stack(0x000000f7bdd00000,0x000000f7bde00000)]
  0x000002a9db1bfb70 JavaThread "Common-Cleaner" daemon [_thread_blocked, id=28868, stack(0x000000f7bdf00000,0x000000f7be000000)]
  0x000002a9dbb324e0 JavaThread "C1 CompilerThread2" daemon [_thread_blocked, id=19360, stack(0x000000f7be000000,0x000000f7be100000)]
=>0x000002a9dbc64d40 JavaThread "background-preinit" [_thread_in_vm, id=4656, stack(0x000000f7be500000,0x000000f7be600000)]

Other Threads:
  0x000002a995dc6d90 VMThread "VM Thread" [stack: 0x000000f7bd300000,0x000000f7bd400000] [id=20812]
  0x000002a9db1bb710 WatcherThread [stack: 0x000000f7bde00000,0x000000f7bdf00000] [id=29060]
  0x000002a983c2eb20 GCTaskThread "GC Thread#0" [stack: 0x000000f7bce00000,0x000000f7bcf00000] [id=17244]
  0x000002a9dbb601d0 GCTaskThread "GC Thread#1" [stack: 0x000000f7be100000,0x000000f7be200000] [id=22572]
  0x000002a9dbb604a0 GCTaskThread "GC Thread#2" [stack: 0x000000f7be200000,0x000000f7be300000] [id=26524]
  0x000002a9dbb84f70 GCTaskThread "GC Thread#3" [stack: 0x000000f7be300000,0x000000f7be400000] [id=5704]
  0x000002a9dbb85650 GCTaskThread "GC Thread#4" [stack: 0x000000f7be400000,0x000000f7be500000] [id=11076]
  0x000002a9dbdd6500 GCTaskThread "GC Thread#5" [stack: 0x000000f7be600000,0x000000f7be700000] [id=4600]
  0x000002a9dbdd67d0 GCTaskThread "GC Thread#6" [stack: 0x000000f7be700000,0x000000f7be800000] [id=19032]
  0x000002a9dbdbbcd0 GCTaskThread "GC Thread#7" [stack: 0x000000f7be800000,0x000000f7be900000] [id=29156]
  0x000002a983c3f680 ConcurrentGCThread "G1 Main Marker" [stack: 0x000000f7bcf00000,0x000000f7bd000000] [id=22296]
  0x000002a983c410b0 ConcurrentGCThread "G1 Conc#0" [stack: 0x000000f7bd000000,0x000000f7bd100000] [id=26768]
  0x000002a983c7e760 ConcurrentGCThread "G1 Refine#0" [stack: 0x000000f7bd100000,0x000000f7bd200000] [id=1636]
  0x000002a995c6e750 ConcurrentGCThread "G1 Service" [stack: 0x000000f7bd200000,0x000000f7bd300000] [id=18296]

Threads with active compile tasks:

VM state: not at safepoint (normal execution)

VM Mutex/Monitor currently owned by a thread:  ([mutex/lock_event])
[0x000002a983bcf660] Metaspace_lock - owner thread: 0x000002a9dbc64d40

Heap address: 0x0000000082000000, size: 2016 MB, Compressed Oops mode: 32-bit

CDS archive(s) mapped at: [0x000002a996000000-0x000002a996bb0000-0x000002a996bb0000), size 12255232, SharedBaseAddress: 0x000002a996000000, ArchiveRelocationMode: 1.
Compressed class space mapped at: 0x000002a997000000-0x000002a9d7000000, reserved size: 1073741824
Narrow klass base: 0x000002a996000000, Narrow klass shift: 0, Narrow klass range: 0x100000000

GC Precious Log:
 CPUs: 8 total, 8 available
 Memory: 8058M
 Large Page Support: Disabled
 NUMA Support: Disabled
 Compressed Oops: Enabled (32-bit)
 Heap Region Size: 1M
 Heap Min Capacity: 8M
 Heap Initial Capacity: 126M
 Heap Max Capacity: 2016M
 Pre-touch: Disabled
 Parallel Workers: 8
 Concurrent Workers: 2
 Concurrent Refinement Workers: 8
 Periodic GC: Disabled

Heap:
 garbage-first heap   total 129024K, used 26775K [0x0000000082000000, 0x0000000100000000)
  region size 1024K, 20 young (20480K), 3 survivors (3072K)
 Metaspace       used 13057K, committed 13248K, reserved 1114112K
  class space    used 1743K, committed 1856K, reserved 1048576K

Heap Regions: E=young(eden), S=young(survivor), O=old, HS=humongous(starts), HC=humongous(continues), CS=collection set, F=free, OA=open archive, CA=closed archive, TAMS=top-at-mark-start (previous, next)
|   0|0x0000000082000000, 0x0000000082100000, 0x0000000082100000|100%|HS|  |TAMS 0x0000000082000000, 0x0000000082000000| Complete 
|   1|0x0000000082100000, 0x0000000082200000, 0x0000000082200000|100%| O|  |TAMS 0x0000000082100000, 0x0000000082100000| Untracked 
|   2|0x0000000082200000, 0x0000000082300000, 0x0000000082300000|100%| O|  |TAMS 0x0000000082200000, 0x0000000082200000| Untracked 
|   3|0x0000000082300000, 0x0000000082400000, 0x0000000082400000|100%| O|  |TAMS 0x0000000082300000, 0x0000000082300000| Untracked 
|   4|0x0000000082400000, 0x0000000082500000, 0x0000000082500000|100%| O|  |TAMS 0x0000000082400000, 0x0000000082400000| Untracked 
|   5|0x0000000082500000, 0x0000000082600000, 0x0000000082600000|100%| O|  |TAMS 0x0000000082500000, 0x0000000082500000| Untracked 
|   6|0x0000000082600000, 0x0000000082700000, 0x0000000082700000|100%| O|  |TAMS 0x0000000082600000, 0x0000000082600000| Untracked 
|   7|0x0000000082700000, 0x0000000082800000, 0x0000000082800000|100%| O|  |TAMS 0x0000000082700000, 0x0000000082700000| Untracked 
|   8|0x0000000082800000, 0x0000000082810000, 0x0000000082900000|  6%| O|  |TAMS 0x0000000082800000, 0x0000000082800000| Untracked 
|   9|0x0000000082900000, 0x0000000082900000, 0x0000000082a00000|  0%| F|  |TAMS 0x0000000082900000, 0x0000000082900000| Untracked 
|  10|0x0000000082a00000, 0x0000000082a00000, 0x0000000082b00000|  0%| F|  |TAMS 0x0000000082a00000, 0x0000000082a00000| Untracked 
|  11|0x0000000082b00000, 0x0000000082b00000, 0x0000000082c00000|  0%| F|  |TAMS 0x0000000082b00000, 0x0000000082b00000| Untracked 
|  12|0x0000000082c00000, 0x0000000082c00000, 0x0000000082d00000|  0%| F|  |TAMS 0x0000000082c00000, 0x0000000082c00000| Untracked 
|  13|0x0000000082d00000, 0x0000000082d00000, 0x0000000082e00000|  0%| F|  |TAMS 0x0000000082d00000, 0x0000000082d00000| Untracked 
|  14|0x0000000082e00000, 0x0000000082e00000, 0x0000000082f00000|  0%| F|  |TAMS 0x0000000082e00000, 0x0000000082e00000| Untracked 
|  15|0x0000000082f00000, 0x0000000082f00000, 0x0000000083000000|  0%| F|  |TAMS 0x0000000082f00000, 0x0000000082f00000| Untracked 
|  16|0x0000000083000000, 0x0000000083000000, 0x0000000083100000|  0%| F|  |TAMS 0x0000000083000000, 0x0000000083000000| Untracked 
|  17|0x0000000083100000, 0x0000000083100000, 0x0000000083200000|  0%| F|  |TAMS 0x0000000083100000, 0x0000000083100000| Untracked 
|  18|0x0000000083200000, 0x0000000083200000, 0x0000000083300000|  0%| F|  |TAMS 0x0000000083200000, 0x0000000083200000| Untracked 
|  19|0x0000000083300000, 0x0000000083300000, 0x0000000083400000|  0%| F|  |TAMS 0x0000000083300000, 0x0000000083300000| Untracked 
|  20|0x0000000083400000, 0x0000000083400000, 0x0000000083500000|  0%| F|  |TAMS 0x0000000083400000, 0x0000000083400000| Untracked 
|  21|0x0000000083500000, 0x0000000083500000, 0x0000000083600000|  0%| F|  |TAMS 0x0000000083500000, 0x0000000083500000| Untracked 
|  22|0x0000000083600000, 0x0000000083600000, 0x0000000083700000|  0%| F|  |TAMS 0x0000000083600000, 0x0000000083600000| Untracked 
|  23|0x0000000083700000, 0x0000000083700000, 0x0000000083800000|  0%| F|  |TAMS 0x0000000083700000, 0x0000000083700000| Untracked 
|  24|0x0000000083800000, 0x0000000083800000, 0x0000000083900000|  0%| F|  |TAMS 0x0000000083800000, 0x0000000083800000| Untracked 
|  25|0x0000000083900000, 0x0000000083900000, 0x0000000083a00000|  0%| F|  |TAMS 0x0000000083900000, 0x0000000083900000| Untracked 
|  26|0x0000000083a00000, 0x0000000083a00000, 0x0000000083b00000|  0%| F|  |TAMS 0x0000000083a00000, 0x0000000083a00000| Untracked 
|  27|0x0000000083b00000, 0x0000000083b00000, 0x0000000083c00000|  0%| F|  |TAMS 0x0000000083b00000, 0x0000000083b00000| Untracked 
|  28|0x0000000083c00000, 0x0000000083c00000, 0x0000000083d00000|  0%| F|  |TAMS 0x0000000083c00000, 0x0000000083c00000| Untracked 
|  29|0x0000000083d00000, 0x0000000083d00000, 0x0000000083e00000|  0%| F|  |TAMS 0x0000000083d00000, 0x0000000083d00000| Untracked 
|  30|0x0000000083e00000, 0x0000000083e00000, 0x0000000083f00000|  0%| F|  |TAMS 0x0000000083e00000, 0x0000000083e00000| Untracked 
|  31|0x0000000083f00000, 0x0000000083f00000, 0x0000000084000000|  0%| F|  |TAMS 0x0000000083f00000, 0x0000000083f00000| Untracked 
|  32|0x0000000084000000, 0x0000000084000000, 0x0000000084100000|  0%| F|  |TAMS 0x0000000084000000, 0x0000000084000000| Untracked 
|  33|0x0000000084100000, 0x0000000084100000, 0x0000000084200000|  0%| F|  |TAMS 0x0000000084100000, 0x0000000084100000| Untracked 
|  34|0x0000000084200000, 0x0000000084200000, 0x0000000084300000|  0%| F|  |TAMS 0x0000000084200000, 0x0000000084200000| Untracked 
|  35|0x0000000084300000, 0x0000000084300000, 0x0000000084400000|  0%| F|  |TAMS 0x0000000084300000, 0x0000000084300000| Untracked 
|  36|0x0000000084400000, 0x0000000084400000, 0x0000000084500000|  0%| F|  |TAMS 0x0000000084400000, 0x0000000084400000| Untracked 
|  37|0x0000000084500000, 0x0000000084500000, 0x0000000084600000|  0%| F|  |TAMS 0x0000000084500000, 0x0000000084500000| Untracked 
|  38|0x0000000084600000, 0x0000000084600000, 0x0000000084700000|  0%| F|  |TAMS 0x0000000084600000, 0x0000000084600000| Untracked 
|  39|0x0000000084700000, 0x0000000084700000, 0x0000000084800000|  0%| F|  |TAMS 0x0000000084700000, 0x0000000084700000| Untracked 
|  40|0x0000000084800000, 0x0000000084800000, 0x0000000084900000|  0%| F|  |TAMS 0x0000000084800000, 0x0000000084800000| Untracked 
|  41|0x0000000084900000, 0x0000000084900000, 0x0000000084a00000|  0%| F|  |TAMS 0x0000000084900000, 0x0000000084900000| Untracked 
|  42|0x0000000084a00000, 0x0000000084a00000, 0x0000000084b00000|  0%| F|  |TAMS 0x0000000084a00000, 0x0000000084a00000| Untracked 
|  43|0x0000000084b00000, 0x0000000084b00000, 0x0000000084c00000|  0%| F|  |TAMS 0x0000000084b00000, 0x0000000084b00000| Untracked 
|  44|0x0000000084c00000, 0x0000000084c00000, 0x0000000084d00000|  0%| F|  |TAMS 0x0000000084c00000, 0x0000000084c00000| Untracked 
|  45|0x0000000084d00000, 0x0000000084d00000, 0x0000000084e00000|  0%| F|  |TAMS 0x0000000084d00000, 0x0000000084d00000| Untracked 
|  46|0x0000000084e00000, 0x0000000084e00000, 0x0000000084f00000|  0%| F|  |TAMS 0x0000000084e00000, 0x0000000084e00000| Untracked 
|  47|0x0000000084f00000, 0x0000000084f00000, 0x0000000085000000|  0%| F|  |TAMS 0x0000000084f00000, 0x0000000084f00000| Untracked 
|  48|0x0000000085000000, 0x0000000085000000, 0x0000000085100000|  0%| F|  |TAMS 0x0000000085000000, 0x0000000085000000| Untracked 
|  49|0x0000000085100000, 0x0000000085100000, 0x0000000085200000|  0%| F|  |TAMS 0x0000000085100000, 0x0000000085100000| Untracked 
|  50|0x0000000085200000, 0x0000000085200000, 0x0000000085300000|  0%| F|  |TAMS 0x0000000085200000, 0x0000000085200000| Untracked 
|  51|0x0000000085300000, 0x0000000085300000, 0x0000000085400000|  0%| F|  |TAMS 0x0000000085300000, 0x0000000085300000| Untracked 
|  52|0x0000000085400000, 0x0000000085400000, 0x0000000085500000|  0%| F|  |TAMS 0x0000000085400000, 0x0000000085400000| Untracked 
|  53|0x0000000085500000, 0x0000000085500000, 0x0000000085600000|  0%| F|  |TAMS 0x0000000085500000, 0x0000000085500000| Untracked 
|  54|0x0000000085600000, 0x0000000085600000, 0x0000000085700000|  0%| F|  |TAMS 0x0000000085600000, 0x0000000085600000| Untracked 
|  55|0x0000000085700000, 0x0000000085700000, 0x0000000085800000|  0%| F|  |TAMS 0x0000000085700000, 0x0000000085700000| Untracked 
|  56|0x0000000085800000, 0x0000000085800000, 0x0000000085900000|  0%| F|  |TAMS 0x0000000085800000, 0x0000000085800000| Untracked 
|  57|0x0000000085900000, 0x0000000085900000, 0x0000000085a00000|  0%| F|  |TAMS 0x0000000085900000, 0x0000000085900000| Untracked 
|  58|0x0000000085a00000, 0x0000000085a00000, 0x0000000085b00000|  0%| F|  |TAMS 0x0000000085a00000, 0x0000000085a00000| Untracked 
|  59|0x0000000085b00000, 0x0000000085b00000, 0x0000000085c00000|  0%| F|  |TAMS 0x0000000085b00000, 0x0000000085b00000| Untracked 
|  60|0x0000000085c00000, 0x0000000085c00000, 0x0000000085d00000|  0%| F|  |TAMS 0x0000000085c00000, 0x0000000085c00000| Untracked 
|  61|0x0000000085d00000, 0x0000000085d00000, 0x0000000085e00000|  0%| F|  |TAMS 0x0000000085d00000, 0x0000000085d00000| Untracked 
|  62|0x0000000085e00000, 0x0000000085e00000, 0x0000000085f00000|  0%| F|  |TAMS 0x0000000085e00000, 0x0000000085e00000| Untracked 
|  63|0x0000000085f00000, 0x0000000085f00000, 0x0000000086000000|  0%| F|  |TAMS 0x0000000085f00000, 0x0000000085f00000| Untracked 
|  64|0x0000000086000000, 0x0000000086000000, 0x0000000086100000|  0%| F|  |TAMS 0x0000000086000000, 0x0000000086000000| Untracked 
|  65|0x0000000086100000, 0x0000000086100000, 0x0000000086200000|  0%| F|  |TAMS 0x0000000086100000, 0x0000000086100000| Untracked 
|  66|0x0000000086200000, 0x0000000086200000, 0x0000000086300000|  0%| F|  |TAMS 0x0000000086200000, 0x0000000086200000| Untracked 
|  67|0x0000000086300000, 0x0000000086300000, 0x0000000086400000|  0%| F|  |TAMS 0x0000000086300000, 0x0000000086300000| Untracked 
|  68|0x0000000086400000, 0x0000000086400000, 0x0000000086500000|  0%| F|  |TAMS 0x0000000086400000, 0x0000000086400000| Untracked 
|  69|0x0000000086500000, 0x0000000086500000, 0x0000000086600000|  0%| F|  |TAMS 0x0000000086500000, 0x0000000086500000| Untracked 
|  70|0x0000000086600000, 0x0000000086600000, 0x0000000086700000|  0%| F|  |TAMS 0x0000000086600000, 0x0000000086600000| Untracked 
|  71|0x0000000086700000, 0x0000000086700000, 0x0000000086800000|  0%| F|  |TAMS 0x0000000086700000, 0x0000000086700000| Untracked 
|  72|0x0000000086800000, 0x0000000086800000, 0x0000000086900000|  0%| F|  |TAMS 0x0000000086800000, 0x0000000086800000| Untracked 
|  73|0x0000000086900000, 0x0000000086900000, 0x0000000086a00000|  0%| F|  |TAMS 0x0000000086900000, 0x0000000086900000| Untracked 
|  74|0x0000000086a00000, 0x0000000086a00000, 0x0000000086b00000|  0%| F|  |TAMS 0x0000000086a00000, 0x0000000086a00000| Untracked 
|  75|0x0000000086b00000, 0x0000000086b00000, 0x0000000086c00000|  0%| F|  |TAMS 0x0000000086b00000, 0x0000000086b00000| Untracked 
|  76|0x0000000086c00000, 0x0000000086c00000, 0x0000000086d00000|  0%| F|  |TAMS 0x0000000086c00000, 0x0000000086c00000| Untracked 
|  77|0x0000000086d00000, 0x0000000086d00000, 0x0000000086e00000|  0%| F|  |TAMS 0x0000000086d00000, 0x0000000086d00000| Untracked 
|  78|0x0000000086e00000, 0x0000000086e00000, 0x0000000086f00000|  0%| F|  |TAMS 0x0000000086e00000, 0x0000000086e00000| Untracked 
|  79|0x0000000086f00000, 0x0000000086f00000, 0x0000000087000000|  0%| F|  |TAMS 0x0000000086f00000, 0x0000000086f00000| Untracked 
|  80|0x0000000087000000, 0x0000000087000000, 0x0000000087100000|  0%| F|  |TAMS 0x0000000087000000, 0x0000000087000000| Untracked 
|  81|0x0000000087100000, 0x0000000087100000, 0x0000000087200000|  0%| F|  |TAMS 0x0000000087100000, 0x0000000087100000| Untracked 
|  82|0x0000000087200000, 0x0000000087200000, 0x0000000087300000|  0%| F|  |TAMS 0x0000000087200000, 0x0000000087200000| Untracked 
|  83|0x0000000087300000, 0x0000000087300000, 0x0000000087400000|  0%| F|  |TAMS 0x0000000087300000, 0x0000000087300000| Untracked 
|  84|0x0000000087400000, 0x0000000087400000, 0x0000000087500000|  0%| F|  |TAMS 0x0000000087400000, 0x0000000087400000| Untracked 
|  85|0x0000000087500000, 0x0000000087500000, 0x0000000087600000|  0%| F|  |TAMS 0x0000000087500000, 0x0000000087500000| Untracked 
|  86|0x0000000087600000, 0x0000000087600000, 0x0000000087700000|  0%| F|  |TAMS 0x0000000087600000, 0x0000000087600000| Untracked 
|  87|0x0000000087700000, 0x0000000087700000, 0x0000000087800000|  0%| F|  |TAMS 0x0000000087700000, 0x0000000087700000| Untracked 
|  88|0x0000000087800000, 0x0000000087800000, 0x0000000087900000|  0%| F|  |TAMS 0x0000000087800000, 0x0000000087800000| Untracked 
|  89|0x0000000087900000, 0x0000000087900000, 0x0000000087a00000|  0%| F|  |TAMS 0x0000000087900000, 0x0000000087900000| Untracked 
|  90|0x0000000087a00000, 0x0000000087a00000, 0x0000000087b00000|  0%| F|  |TAMS 0x0000000087a00000, 0x0000000087a00000| Untracked 
|  91|0x0000000087b00000, 0x0000000087b00000, 0x0000000087c00000|  0%| F|  |TAMS 0x0000000087b00000, 0x0000000087b00000| Untracked 
|  92|0x0000000087c00000, 0x0000000087c00000, 0x0000000087d00000|  0%| F|  |TAMS 0x0000000087c00000, 0x0000000087c00000| Untracked 
|  93|0x0000000087d00000, 0x0000000087d00000, 0x0000000087e00000|  0%| F|  |TAMS 0x0000000087d00000, 0x0000000087d00000| Untracked 
|  94|0x0000000087e00000, 0x0000000087e15d10, 0x0000000087f00000|  8%| S|CS|TAMS 0x0000000087e00000, 0x0000000087e00000| Complete 
|  95|0x0000000087f00000, 0x0000000088000000, 0x0000000088000000|100%| S|CS|TAMS 0x0000000087f00000, 0x0000000087f00000| Complete 
|  96|0x0000000088000000, 0x0000000088100000, 0x0000000088100000|100%| S|CS|TAMS 0x0000000088000000, 0x0000000088000000| Complete 
|  97|0x0000000088100000, 0x0000000088100000, 0x0000000088200000|  0%| F|  |TAMS 0x0000000088100000, 0x0000000088100000| Untracked 
|  98|0x0000000088200000, 0x0000000088200000, 0x0000000088300000|  0%| F|  |TAMS 0x0000000088200000, 0x0000000088200000| Untracked 
|  99|0x0000000088300000, 0x0000000088300000, 0x0000000088400000|  0%| F|  |TAMS 0x0000000088300000, 0x0000000088300000| Untracked 
| 100|0x0000000088400000, 0x0000000088400000, 0x0000000088500000|  0%| F|  |TAMS 0x0000000088400000, 0x0000000088400000| Untracked 
| 101|0x0000000088500000, 0x0000000088500000, 0x0000000088600000|  0%| F|  |TAMS 0x0000000088500000, 0x0000000088500000| Untracked 
| 102|0x0000000088600000, 0x0000000088600000, 0x0000000088700000|  0%| F|  |TAMS 0x0000000088600000, 0x0000000088600000| Untracked 
| 103|0x0000000088700000, 0x0000000088700000, 0x0000000088800000|  0%| F|  |TAMS 0x0000000088700000, 0x0000000088700000| Untracked 
| 104|0x0000000088800000, 0x0000000088800000, 0x0000000088900000|  0%| F|  |TAMS 0x0000000088800000, 0x0000000088800000| Untracked 
| 105|0x0000000088900000, 0x0000000088900000, 0x0000000088a00000|  0%| F|  |TAMS 0x0000000088900000, 0x0000000088900000| Untracked 
| 106|0x0000000088a00000, 0x0000000088a00000, 0x0000000088b00000|  0%| F|  |TAMS 0x0000000088a00000, 0x0000000088a00000| Untracked 
| 107|0x0000000088b00000, 0x0000000088b00000, 0x0000000088c00000|  0%| F|  |TAMS 0x0000000088b00000, 0x0000000088b00000| Untracked 
| 108|0x0000000088c00000, 0x0000000088c00000, 0x0000000088d00000|  0%| F|  |TAMS 0x0000000088c00000, 0x0000000088c00000| Untracked 
| 109|0x0000000088d00000, 0x0000000088d80000, 0x0000000088e00000| 50%| E|  |TAMS 0x0000000088d00000, 0x0000000088d00000| Complete 
| 110|0x0000000088e00000, 0x0000000088f00000, 0x0000000088f00000|100%| E|CS|TAMS 0x0000000088e00000, 0x0000000088e00000| Complete 
| 111|0x0000000088f00000, 0x0000000089000000, 0x0000000089000000|100%| E|CS|TAMS 0x0000000088f00000, 0x0000000088f00000| Complete 
| 112|0x0000000089000000, 0x0000000089100000, 0x0000000089100000|100%| E|CS|TAMS 0x0000000089000000, 0x0000000089000000| Complete 
| 113|0x0000000089100000, 0x0000000089200000, 0x0000000089200000|100%| E|CS|TAMS 0x0000000089100000, 0x0000000089100000| Complete 
| 114|0x0000000089200000, 0x0000000089300000, 0x0000000089300000|100%| E|CS|TAMS 0x0000000089200000, 0x0000000089200000| Complete 
| 115|0x0000000089300000, 0x0000000089400000, 0x0000000089400000|100%| E|CS|TAMS 0x0000000089300000, 0x0000000089300000| Complete 
| 116|0x0000000089400000, 0x0000000089500000, 0x0000000089500000|100%| E|CS|TAMS 0x0000000089400000, 0x0000000089400000| Complete 
| 117|0x0000000089500000, 0x0000000089600000, 0x0000000089600000|100%| E|CS|TAMS 0x0000000089500000, 0x0000000089500000| Complete 
| 118|0x0000000089600000, 0x0000000089700000, 0x0000000089700000|100%| E|CS|TAMS 0x0000000089600000, 0x0000000089600000| Complete 
| 119|0x0000000089700000, 0x0000000089800000, 0x0000000089800000|100%| E|CS|TAMS 0x0000000089700000, 0x0000000089700000| Complete 
| 120|0x0000000089800000, 0x0000000089900000, 0x0000000089900000|100%| E|CS|TAMS 0x0000000089800000, 0x0000000089800000| Complete 
| 121|0x0000000089900000, 0x0000000089a00000, 0x0000000089a00000|100%| E|CS|TAMS 0x0000000089900000, 0x0000000089900000| Complete 
| 122|0x0000000089a00000, 0x0000000089b00000, 0x0000000089b00000|100%| E|CS|TAMS 0x0000000089a00000, 0x0000000089a00000| Complete 
| 123|0x0000000089b00000, 0x0000000089c00000, 0x0000000089c00000|100%| E|CS|TAMS 0x0000000089b00000, 0x0000000089b00000| Complete 
| 124|0x0000000089c00000, 0x0000000089d00000, 0x0000000089d00000|100%| E|CS|TAMS 0x0000000089c00000, 0x0000000089c00000| Complete 
| 125|0x0000000089d00000, 0x0000000089e00000, 0x0000000089e00000|100%| E|CS|TAMS 0x0000000089d00000, 0x0000000089d00000| Complete 

Card table byte_map: [0x000002a98ec40000,0x000002a98f030000] _byte_map_base: 0x000002a98e830000

Marking Bits (Prev, Next): (CMBitMap*) 0x000002a983c2f150, (CMBitMap*) 0x000002a983c2f190
 Prev Bits: [0x000002a98f420000, 0x000002a9913a0000)
 Next Bits: [0x000002a9913a0000, 0x000002a993320000)

Polling page: 0x000002a983380000

Metaspace:

Usage:
  Non-class:     11.05 MB used.
      Class:      1.70 MB used.
       Both:     12.75 MB used.

Virtual space:
  Non-class space:       64.00 MB reserved,      11.12 MB ( 17%) committed,  1 nodes.
      Class space:        1.00 GB reserved,       1.81 MB ( <1%) committed,  1 nodes.
             Both:        1.06 GB reserved,      12.94 MB (  1%) committed. 

Chunk freelists:
   Non-Class:  3.36 MB
       Class:  14.23 MB
        Both:  17.59 MB

MaxMetaspaceSize: unlimited
CompressedClassSpaceSize: 1.00 GB
Initial GC threshold: 21.00 MB
Current GC threshold: 21.00 MB
CDS: on
MetaspaceReclaimPolicy: balanced
 - commit_granule_bytes: 65536.
 - commit_granule_words: 8192.
 - virtual_space_node_default_size: 8388608.
 - enlarge_chunks_in_place: 1.
 - new_chunks_are_fully_committed: 0.
 - uncommit_free_chunks: 1.
 - use_allocation_guard: 0.
 - handle_deallocations: 1.


Internal statistics:

num_allocs_failed_limit: 0.
num_arena_births: 190.
num_arena_deaths: 0.
num_vsnodes_births: 2.
num_vsnodes_deaths: 0.
num_space_committed: 207.
num_space_uncommitted: 0.
num_chunks_returned_to_freelist: 0.
num_chunks_taken_from_freelist: 646.
num_chunk_merges: 0.
num_chunk_splits: 448.
num_chunks_enlarged: 353.
num_inconsistent_stats: 0.

CodeCache: size=49152Kb used=5185Kb max_used=5185Kb free=43966Kb
 bounds [0x000002a98b740000, 0x000002a98bc60000, 0x000002a98e740000]
 total_blobs=2387 nmethods=1915 adapters=397
 compilation: enabled
              stopped_count=0, restarted_count=0
 full_count=0

Compilation events (20 events):
Event: 1.131 Thread 0x000002a995debc60 1903       1       jdk.internal.reflect.ClassFileAssembler::cpi (22 bytes)
Event: 1.131 Thread 0x000002a9db1a7fe0 nmethod 1902 0x000002a98bc4b190 code [0x000002a98bc4b340, 0x000002a98bc4b4f8]
Event: 1.131 Thread 0x000002a995debc60 nmethod 1903 0x000002a98bc4b690 code [0x000002a98bc4b840, 0x000002a98bc4b9a8]
Event: 1.131 Thread 0x000002a995debc60 1904       1       sun.reflect.generics.parser.SignatureParser::parseTypeSignature (130 bytes)
Event: 1.131 Thread 0x000002a995debc60 nmethod 1904 0x000002a98bc4ba90 code [0x000002a98bc4bc40, 0x000002a98bc4bdc8]
Event: 1.132 Thread 0x000002a995debc60 1905       1       java.util.ArrayDeque::addLast (51 bytes)
Event: 1.132 Thread 0x000002a995debc60 nmethod 1905 0x000002a98bc4be90 code [0x000002a98bc4c040, 0x000002a98bc4c2d8]
Event: 1.132 Thread 0x000002a9db1a7fe0 1906       1       org.springframework.core.annotation.AnnotationTypeMapping::getRoot (5 bytes)
Event: 1.132 Thread 0x000002a9db1a7fe0 nmethod 1906 0x000002a98bc4c410 code [0x000002a98bc4c5a0, 0x000002a98bc4c678]
Event: 1.132 Thread 0x000002a9db1a7fe0 1907       1       java.util.ArrayDeque::poll (5 bytes)
Event: 1.132 Thread 0x000002a9db1a7fe0 nmethod 1907 0x000002a98bc4ca10 code [0x000002a98bc4cba0, 0x000002a98bc4cc88]
Event: 1.132 Thread 0x000002a9db1a7fe0 1908       1       java.util.ArrayDeque::add (7 bytes)
Event: 1.133 Thread 0x000002a9db1a7fe0 nmethod 1908 0x000002a98bc4cd10 code [0x000002a98bc4cea0, 0x000002a98bc4cf88]
Event: 1.133 Thread 0x000002a9db1a7fe0 1909   !   1       java.io.BufferedReader::readLine (327 bytes)
Event: 1.134 Thread 0x000002a9dbb324e0 1911       1       java.lang.StringLatin1::trim (76 bytes)
Event: 1.134 Thread 0x000002a995debc60 1910       1       java.lang.String::trim (35 bytes)
Event: 1.134 Thread 0x000002a995debc60 nmethod 1910 0x000002a98bc4d010 code [0x000002a98bc4d1c0, 0x000002a98bc4d2f8]
Event: 1.134 Thread 0x000002a995debc60 1912       1       java.io.BufferedReader::readLine (7 bytes)
Event: 1.134 Thread 0x000002a9dbb324e0 nmethod 1911 0x000002a98bc4d390 code [0x000002a98bc4d540, 0x000002a98bc4d7a8]
Event: 1.134 Thread 0x000002a995debc60 nmethod 1912 0x000002a98bc4d910 code [0x000002a98bc4dac0, 0x000002a98bc4dba8]

GC Heap History (4 events):
Event: 0.576 GC heap before
{Heap before GC invocations=0 (full 0):
 garbage-first heap   total 129024K, used 23552K [0x0000000082000000, 0x0000000100000000)
  region size 1024K, 23 young (23552K), 0 survivors (0K)
 Metaspace       used 4441K, committed 4608K, reserved 1114112K
  class space    used 585K, committed 640K, reserved 1048576K
}
Event: 0.582 GC heap after
{Heap after GC invocations=1 (full 0):
 garbage-first heap   total 129024K, used 8192K [0x0000000082000000, 0x0000000100000000)
  region size 1024K, 3 young (3072K), 3 survivors (3072K)
 Metaspace       used 4441K, committed 4608K, reserved 1114112K
  class space    used 585K, committed 640K, reserved 1048576K
}
Event: 1.006 GC heap before
{Heap before GC invocations=1 (full 0):
 garbage-first heap   total 129024K, used 34816K [0x0000000082000000, 0x0000000100000000)
  region size 1024K, 29 young (29696K), 3 survivors (3072K)
 Metaspace       used 10039K, committed 10304K, reserved 1114112K
  class space    used 1359K, committed 1472K, reserved 1048576K
}
Event: 1.011 GC heap after
{Heap after GC invocations=2 (full 0):
 garbage-first heap   total 129024K, used 10391K [0x0000000082000000, 0x0000000100000000)
  region size 1024K, 3 young (3072K), 3 survivors (3072K)
 Metaspace       used 10039K, committed 10304K, reserved 1114112K
  class space    used 1359K, committed 1472K, reserved 1048576K
}

Dll operation events (6 events):
Event: 0.005 Loaded shared library C:\Program Files\Microsoft\jdk-17.0.18.8-hotspot\bin\java.dll
Event: 0.020 Loaded shared library C:\Program Files\Microsoft\jdk-17.0.18.8-hotspot\bin\jsvml.dll
Event: 0.107 Loaded shared library C:\Program Files\Microsoft\jdk-17.0.18.8-hotspot\bin\net.dll
Event: 0.109 Loaded shared library C:\Program Files\Microsoft\jdk-17.0.18.8-hotspot\bin\nio.dll
Event: 0.112 Loaded shared library C:\Program Files\Microsoft\jdk-17.0.18.8-hotspot\bin\zip.dll
Event: 0.211 Loaded shared library C:\Program Files\Microsoft\jdk-17.0.18.8-hotspot\bin\jimage.dll

Deoptimization events (0 events):
No events

Classes loaded (20 events):
Event: 1.109 Loading class java/nio/file/FileTreeWalker$DirectoryNode
Event: 1.110 Loading class java/nio/file/FileTreeWalker$DirectoryNode done
Event: 1.110 Loading class sun/nio/fs/WindowsDirectoryStream$WindowsDirectoryIterator
Event: 1.110 Loading class sun/nio/fs/WindowsDirectoryStream$WindowsDirectoryIterator done
Event: 1.110 Loading class java/nio/file/FileTreeWalker$Event
Event: 1.110 Loading class java/nio/file/FileTreeWalker$Event done
Event: 1.110 Loading class java/nio/file/FileTreeWalker$EventType
Event: 1.110 Loading class java/nio/file/FileTreeWalker$EventType done
Event: 1.111 Loading class sun/nio/fs/WindowsPath$WindowsPathWithAttributes
Event: 1.111 Loading class sun/nio/fs/BasicFileAttributesHolder
Event: 1.111 Loading class sun/nio/fs/BasicFileAttributesHolder done
Event: 1.111 Loading class sun/nio/fs/WindowsPath$WindowsPathWithAttributes done
Event: 1.112 Loading class java/util/regex/Pattern$LazyLoop
Event: 1.112 Loading class java/util/regex/Pattern$Loop
Event: 1.112 Loading class java/util/regex/Pattern$Loop done
Event: 1.112 Loading class java/util/regex/Pattern$LazyLoop done
Event: 1.112 Loading class java/util/regex/Pattern$Prolog
Event: 1.112 Loading class java/util/regex/Pattern$Prolog done
Event: 1.124 Loading class java/lang/AssertionError
Event: 1.124 Loading class java/lang/AssertionError done

Classes unloaded (0 events):
No events

Classes redefined (0 events):
No events

Internal exceptions (20 events):
Event: 0.714 Thread 0x000002a983bd4e50 Exception <a 'java/lang/NoSuchMethodError'{0x00000000897d29f0}: 'int java.lang.invoke.DirectMethodHandle$Holder.invokeVirtual(java.lang.Object, java.lang.Object)'> (0x00000000897d29f0) 
thrown [s\src\hotspot\share\interpreter\linkResolver.cpp, line 759]
Event: 0.728 Thread 0x000002a983bd4e50 Exception <a 'java/lang/NoSuchMethodError'{0x000000008967aa30}: 'java.lang.Object java.lang.invoke.DirectMethodHandle$Holder.invokeSpecial(java.lang.Object, java.lang.Object, java.lang.Object, int, java.lang.Object)'> (0x000000008967aa30) 
thrown [s\src\hotspot\share\interpreter\linkResolver.cpp, line 759]
Event: 0.728 Thread 0x000002a983bd4e50 Exception <a 'java/lang/NoSuchMethodError'{0x0000000089683238}: 'java.lang.Object java.lang.invoke.DirectMethodHandle$Holder.newInvokeSpecial(java.lang.Object, java.lang.Object, java.lang.Object, int, java.lang.Object)'> (0x0000000089683238) 
thrown [s\src\hotspot\share\interpreter\linkResolver.cpp, line 759]
Event: 0.729 Thread 0x000002a983bd4e50 Exception <a 'java/lang/NoSuchMethodError'{0x000000008968ac08}: 'java.lang.Object java.lang.invoke.Invokers$Holder.linkToTargetMethod(java.lang.Object, java.lang.Object, int, java.lang.Object, java.lang.Object)'> (0x000000008968ac08) 
thrown [s\src\hotspot\share\interpreter\linkResolver.cpp, line 759]
Event: 0.730 Thread 0x000002a983bd4e50 Exception <a 'java/lang/NoSuchMethodError'{0x0000000089699cd8}: 'java.lang.Object java.lang.invoke.DirectMethodHandle$Holder.newInvokeSpecial(java.lang.Object, int, java.lang.Object)'> (0x0000000089699cd8) 
thrown [s\src\hotspot\share\interpreter\linkResolver.cpp, line 759]
Event: 0.730 Thread 0x000002a983bd4e50 Exception <a 'java/lang/NoSuchMethodError'{0x000000008969e9b8}: 'int java.lang.invoke.DirectMethodHandle$Holder.invokeSpecialIFC(java.lang.Object, java.lang.Object, java.lang.Object, java.lang.Object)'> (0x000000008969e9b8) 
thrown [s\src\hotspot\share\interpreter\linkResolver.cpp, line 759]
Event: 0.744 Thread 0x000002a983bd4e50 Exception <a 'java/lang/NoSuchMethodError'{0x00000000895adb80}: 'java.lang.Object java.lang.invoke.DirectMethodHandle$Holder.invokeVirtual(java.lang.Object, java.lang.Object, java.lang.Object)'> (0x00000000895adb80) 
thrown [s\src\hotspot\share\interpreter\linkResolver.cpp, line 759]
Event: 0.762 Thread 0x000002a983bd4e50 Exception <a 'java/lang/NoSuchMethodError'{0x0000000089497c60}: 'void java.lang.invoke.DirectMethodHandle$Holder.invokeInterface(java.lang.Object, java.lang.Object, java.lang.Object)'> (0x0000000089497c60) 
thrown [s\src\hotspot\share\interpreter\linkResolver.cpp, line 759]
Event: 0.779 Thread 0x000002a983bd4e50 Exception <a 'java/lang/NoSuchMethodError'{0x000000008935a688}: 'void java.lang.invoke.DirectMethodHandle$Holder.invokeStaticInit(java.lang.Object, java.lang.Object, java.lang.Object)'> (0x000000008935a688) 
thrown [s\src\hotspot\share\interpreter\linkResolver.cpp, line 759]
Event: 0.786 Thread 0x000002a983bd4e50 Exception <a 'java/lang/NoSuchMethodError'{0x00000000893a0a58}: 'java.lang.Object java.lang.invoke.DirectMethodHandle$Holder.invokeStatic(java.lang.Object, java.lang.Object, long, java.lang.Object)'> (0x00000000893a0a58) 
thrown [s\src\hotspot\share\interpreter\linkResolver.cpp, line 759]
Event: 0.786 Thread 0x000002a983bd4e50 Exception <a 'java/lang/NoSuchMethodError'{0x00000000893a44f0}: 'java.lang.Object java.lang.invoke.DirectMethodHandle$Holder.invokeStaticInit(java.lang.Object, java.lang.Object, long, java.lang.Object)'> (0x00000000893a44f0) 
thrown [s\src\hotspot\share\interpreter\linkResolver.cpp, line 759]
Event: 0.787 Thread 0x000002a983bd4e50 Exception <a 'java/lang/NoSuchMethodError'{0x00000000893aac70}: 'java.lang.Object java.lang.invoke.DirectMethodHandle$Holder.newInvokeSpecial(java.lang.Object, java.lang.Object, long)'> (0x00000000893aac70) 
thrown [s\src\hotspot\share\interpreter\linkResolver.cpp, line 759]
Event: 0.787 Thread 0x000002a983bd4e50 Exception <a 'java/lang/NoSuchMethodError'{0x00000000893ae7e0}: 'java.lang.Object java.lang.invoke.Invokers$Holder.linkToTargetMethod(java.lang.Object, long, java.lang.Object)'> (0x00000000893ae7e0) 
thrown [s\src\hotspot\share\interpreter\linkResolver.cpp, line 759]
Event: 0.797 Thread 0x000002a983bd4e50 Exception <a 'java/lang/NoSuchMethodError'{0x000000008920e398}: 'void java.lang.invoke.DirectMethodHandle$Holder.invokeSpecial(java.lang.Object, java.lang.Object, java.lang.Object, java.lang.Object, java.lang.Object)'> (0x000000008920e398) 
thrown [s\src\hotspot\share\interpreter\linkResolver.cpp, line 759]
Event: 0.798 Thread 0x000002a983bd4e50 Exception <a 'java/lang/NoSuchMethodError'{0x0000000089216928}: 'void java.lang.invoke.DirectMethodHandle$Holder.invokeVirtual(java.lang.Object, java.lang.Object, java.lang.Object, java.lang.Object)'> (0x0000000089216928) 
thrown [s\src\hotspot\share\interpreter\linkResolver.cpp, line 759]
Event: 0.825 Thread 0x000002a983bd4e50 Exception <a 'java/lang/NoSuchMethodError'{0x000000008917f140}: 'void java.lang.invoke.DirectMethodHandle$Holder.invokeSpecial(java.lang.Object, java.lang.Object, java.lang.Object)'> (0x000000008917f140) 
thrown [s\src\hotspot\share\interpreter\linkResolver.cpp, line 759]
Event: 0.830 Thread 0x000002a983bd4e50 Exception <a 'java/lang/IncompatibleClassChangeError'{0x00000000891b1dd0}: Found class java.lang.Object, but interface was expected> (0x00000000891b1dd0) 
thrown [s\src\hotspot\share\interpreter\linkResolver.cpp, line 826]
Event: 0.830 Thread 0x000002a9dbc64d40 Exception <a 'java/lang/NoClassDefFoundError'{0x0000000089018ed8}: jakarta/validation/Validation> (0x0000000089018ed8) 
thrown [s\src\hotspot\share\classfile\systemDictionary.cpp, line 245]
Event: 1.108 Thread 0x000002a983bd4e50 Exception <a 'java/lang/NoSuchMethodError'{0x000000008937e2e8}: 'int java.lang.invoke.DirectMethodHandle$Holder.invokeSpecial(java.lang.Object, java.lang.Object, java.lang.Object, java.lang.Object, java.lang.Object)'> (0x000000008937e2e8) 
thrown [s\src\hotspot\share\interpreter\linkResolver.cpp, line 759]
Event: 1.110 Thread 0x000002a983bd4e50 Exception <a 'java/lang/NoSuchMethodError'{0x00000000892d8ea8}: 'void java.lang.invoke.DirectMethodHandle$Holder.invokeVirtual(java.lang.Object, java.lang.Object)'> (0x00000000892d8ea8) 
thrown [s\src\hotspot\share\interpreter\linkResolver.cpp, line 759]

VM Operations (20 events):
Event: 0.576 Executing VM operation: G1CollectForAllocation
Event: 0.582 Executing VM operation: G1CollectForAllocation done
Event: 0.713 Executing VM operation: HandshakeAllThreads
Event: 0.713 Executing VM operation: HandshakeAllThreads done
Event: 0.820 Executing VM operation: HandshakeAllThreads
Event: 0.820 Executing VM operation: HandshakeAllThreads done
Event: 0.823 Executing VM operation: HandshakeAllThreads
Event: 0.823 Executing VM operation: HandshakeAllThreads done
Event: 0.859 Executing VM operation: ICBufferFull
Event: 0.859 Executing VM operation: ICBufferFull done
Event: 1.006 Executing VM operation: G1CollectForAllocation
Event: 1.011 Executing VM operation: G1CollectForAllocation done
Event: 1.017 Executing VM operation: HandshakeAllThreads
Event: 1.017 Executing VM operation: HandshakeAllThreads done
Event: 1.017 Executing VM operation: HandshakeAllThreads
Event: 1.017 Executing VM operation: HandshakeAllThreads done
Event: 1.057 Executing VM operation: HandshakeAllThreads
Event: 1.057 Executing VM operation: HandshakeAllThreads done
Event: 1.094 Executing VM operation: HandshakeAllThreads
Event: 1.094 Executing VM operation: HandshakeAllThreads done

Memory protections (0 events):
No events

Nmethod flushes (0 events):
No events

Events (14 events):
Event: 0.020 Thread 0x000002a983bd4e50 Thread added: 0x000002a983bd4e50
Event: 0.022 Thread 0x000002a983bd4e50 Thread added: 0x000002a995dcc450
Event: 0.022 Thread 0x000002a983bd4e50 Thread added: 0x000002a995dcd2d0
Event: 0.027 Thread 0x000002a983bd4e50 Thread added: 0x000002a995de4f00
Event: 0.027 Thread 0x000002a983bd4e50 Thread added: 0x000002a995de5b80
Event: 0.027 Thread 0x000002a983bd4e50 Thread added: 0x000002a995de6800
Event: 0.027 Thread 0x000002a983bd4e50 Thread added: 0x000002a995de81d0
Event: 0.028 Thread 0x000002a983bd4e50 Thread added: 0x000002a995debc60
Event: 0.028 Thread 0x000002a983bd4e50 Thread added: 0x000002a995ded3a0
Event: 0.101 Thread 0x000002a995debc60 Thread added: 0x000002a9db1a7fe0
Event: 0.102 Thread 0x000002a983bd4e50 Thread added: 0x000002a9db1bb230
Event: 0.104 Thread 0x000002a983bd4e50 Thread added: 0x000002a9db1bfb70
Event: 0.449 Thread 0x000002a995debc60 Thread added: 0x000002a9dbb324e0
Event: 0.828 Thread 0x000002a983bd4e50 Thread added: 0x000002a9dbc64d40


Dynamic libraries:
0x00007ff6f42f0000 - 0x00007ff6f42fe000 	C:\Program Files\Microsoft\jdk-17.0.18.8-hotspot\bin\java.exe
0x00007ffff7090000 - 0x00007ffff7288000 	C:\WINDOWS\SYSTEM32\ntdll.dll
0x00007ffff59a0000 - 0x00007ffff5a62000 	C:\WINDOWS\System32\KERNEL32.DLL
0x00007ffff4820000 - 0x00007ffff4b16000 	C:\WINDOWS\System32\KERNELBASE.dll
0x00007ffff4720000 - 0x00007ffff4820000 	C:\WINDOWS\System32\ucrtbase.dll
0x00007fffe5a00000 - 0x00007fffe5a1e000 	C:\Program Files\Microsoft\jdk-17.0.18.8-hotspot\bin\VCRUNTIME140.dll
0x00007fffe1440000 - 0x00007fffe1458000 	C:\Program Files\Microsoft\jdk-17.0.18.8-hotspot\bin\jli.dll
0x00007ffff6620000 - 0x00007ffff67c1000 	C:\WINDOWS\System32\USER32.dll
0x00007fffe4790000 - 0x00007fffe4a2b000 	C:\WINDOWS\WinSxS\amd64_microsoft.windows.common-controls_6595b64144ccf1df_6.0.19041.6456_none_60b8a6cb71f64256\COMCTL32.dll
0x00007ffff4d80000 - 0x00007ffff4da2000 	C:\WINDOWS\System32\win32u.dll
0x00007ffff61a0000 - 0x00007ffff61cb000 	C:\WINDOWS\System32\GDI32.dll
0x00007ffff6d70000 - 0x00007ffff6e0e000 	C:\WINDOWS\System32\msvcrt.dll
0x00007ffff4c60000 - 0x00007ffff4d79000 	C:\WINDOWS\System32\gdi32full.dll
0x00007ffff5010000 - 0x00007ffff50ad000 	C:\WINDOWS\System32\msvcp_win.dll
0x00007ffff5b30000 - 0x00007ffff5b5f000 	C:\WINDOWS\System32\IMM32.DLL
0x00007ffff0d40000 - 0x00007ffff0d4c000 	C:\Program Files\Microsoft\jdk-17.0.18.8-hotspot\bin\vcruntime140_1.dll
0x00007fffc32e0000 - 0x00007fffc3369000 	C:\Program Files\Microsoft\jdk-17.0.18.8-hotspot\bin\msvcp140.dll
0x00007fff95180000 - 0x00007fff95dfa000 	C:\Program Files\Microsoft\jdk-17.0.18.8-hotspot\bin\server\jvm.dll
0x00007ffff5a70000 - 0x00007ffff5b21000 	C:\WINDOWS\System32\ADVAPI32.dll
0x00007ffff5e70000 - 0x00007ffff5f0f000 	C:\WINDOWS\System32\sechost.dll
0x00007ffff5f20000 - 0x00007ffff6040000 	C:\WINDOWS\System32\RPCRT4.dll
0x00007ffff4c30000 - 0x00007ffff4c57000 	C:\WINDOWS\System32\bcrypt.dll
0x00007ffff5d80000 - 0x00007ffff5deb000 	C:\WINDOWS\System32\WS2_32.dll
0x00007ffff44d0000 - 0x00007ffff451b000 	C:\WINDOWS\SYSTEM32\POWRPROF.dll
0x00007fffeeb60000 - 0x00007fffeeb6a000 	C:\WINDOWS\SYSTEM32\VERSION.dll
0x00007fffe5c30000 - 0x00007fffe5c57000 	C:\WINDOWS\SYSTEM32\WINMM.dll
0x00007ffff44b0000 - 0x00007ffff44c2000 	C:\WINDOWS\SYSTEM32\UMPDC.dll
0x00007ffff2570000 - 0x00007ffff2582000 	C:\WINDOWS\SYSTEM32\kernel.appcore.dll
0x00007ffff1d60000 - 0x00007ffff1d6a000 	C:\Program Files\Microsoft\jdk-17.0.18.8-hotspot\bin\jimage.dll
0x00007fffe55a0000 - 0x00007fffe57a1000 	C:\WINDOWS\SYSTEM32\DBGHELP.DLL
0x00007fffd1ec0000 - 0x00007fffd1ef4000 	C:\WINDOWS\SYSTEM32\dbgcore.DLL
0x00007ffff4ba0000 - 0x00007ffff4c22000 	C:\WINDOWS\System32\bcryptPrimitives.dll
0x00007fffe1170000 - 0x00007fffe1196000 	C:\Program Files\Microsoft\jdk-17.0.18.8-hotspot\bin\java.dll
0x00007fffb8d90000 - 0x00007fffb8e66000 	C:\Program Files\Microsoft\jdk-17.0.18.8-hotspot\bin\jsvml.dll
0x00007ffff50b0000 - 0x00007ffff5820000 	C:\WINDOWS\System32\SHELL32.dll
0x00007ffff2770000 - 0x00007ffff2f15000 	C:\WINDOWS\SYSTEM32\windows.storage.dll
0x00007ffff62c0000 - 0x00007ffff6614000 	C:\WINDOWS\System32\combase.dll
0x00007ffff3f90000 - 0x00007ffff3fbb000 	C:\WINDOWS\SYSTEM32\Wldp.dll
0x00007ffff5820000 - 0x00007ffff58ed000 	C:\WINDOWS\System32\OLEAUT32.dll
0x00007ffff58f0000 - 0x00007ffff599d000 	C:\WINDOWS\System32\SHCORE.dll
0x00007ffff6120000 - 0x00007ffff617b000 	C:\WINDOWS\System32\shlwapi.dll
0x00007ffff4650000 - 0x00007ffff4674000 	C:\WINDOWS\SYSTEM32\profapi.dll
0x00007fffe12d0000 - 0x00007fffe12eb000 	C:\Program Files\Microsoft\jdk-17.0.18.8-hotspot\bin\net.dll
0x00007fffee550000 - 0x00007fffee65a000 	C:\WINDOWS\SYSTEM32\WINHTTP.dll
0x00007ffff3d70000 - 0x00007ffff3dda000 	C:\WINDOWS\system32\mswsock.dll
0x00007fffe1150000 - 0x00007fffe1166000 	C:\Program Files\Microsoft\jdk-17.0.18.8-hotspot\bin\nio.dll
0x00007fffe1130000 - 0x00007fffe1148000 	C:\Program Files\Microsoft\jdk-17.0.18.8-hotspot\bin\zip.dll

dbghelp: loaded successfully - version: 4.0.5 - missing functions: none
symbol engine: initialized successfully - sym options: 0x614 - pdb path: .;C:\Program Files\Microsoft\jdk-17.0.18.8-hotspot\bin;C:\WINDOWS\SYSTEM32;C:\WINDOWS\WinSxS\amd64_microsoft.windows.common-controls_6595b64144ccf1df_6.0.19041.6456_none_60b8a6cb71f64256;C:\Program Files\Microsoft\jdk-17.0.18.8-hotspot\bin\server

VM Arguments:
jvm_args: -XX:TieredStopAtLevel=1 
java_command: com.example.JWTImplemenation.JwtImplemenationApplication --spring.profiles.active=local
java_class_path (initial): D:\code\Watch-hub-BE\target\classes;C:\Users\lamho\.m2\repository\org\aspectj\aspectjweaver\1.9.21\aspectjweaver-1.9.21.jar;C:\Users\lamho\.m2\repository\com\zaxxer\HikariCP\5.0.1\HikariCP-5.0.1.jar;C:\Users\lamho\.m2\repository\org\springframework\spring-jdbc\6.1.4\spring-jdbc-6.1.4.jar;C:\Users\lamho\.m2\repository\org\hibernate\orm\hibernate-core\6.4.4.Final\hibernate-core-6.4.4.Final.jar;C:\Users\lamho\.m2\repository\jakarta\persistence\jakarta.persistence-api\3.1.0\jakarta.persistence-api-3.1.0.jar;C:\Users\lamho\.m2\repository\jakarta\transaction\jakarta.transaction-api\2.0.1\jakarta.transaction-api-2.0.1.jar;C:\Users\lamho\.m2\repository\org\jboss\logging\jboss-logging\3.5.3.Final\jboss-logging-3.5.3.Final.jar;C:\Users\lamho\.m2\repository\org\hibernate\common\hibernate-commons-annotations\6.0.6.Final\hibernate-commons-annotations-6.0.6.Final.jar;C:\Users\lamho\.m2\repository\io\smallrye\jandex\3.1.2\jandex-3.1.2.jar;C:\Users\lamho\.m2\repository\com\fasterxml\classmate\1.6.0\classmate-1.6.0.jar;C:\Users\lamho\.m2\repository\net\bytebuddy\byte-buddy\1.14.12\byte-buddy-1.14.12.jar;C:\Users\lamho\.m2\repository\org\glassfish\jaxb\jaxb-runtime\4.0.4\jaxb-runtime-4.0.4.jar;C:\Users\lamho\.m2\repository\org\glassfish\jaxb\jaxb-core\4.0.4\jaxb-core-4.0.4.jar;C:\Users\lamho\.m2\repository\org\eclipse\angus\angus-activation\2.0.1\angus-activation-2.0.1.jar;C:\Users\lamho\.m2\repository\org\glassfish\jaxb\txw2\4.0.4\txw2-4.0.4.jar;C:\Users\lamho\.m2\repository\com\sun\istack\istack-commons-runtime\4.1.2\istack-commons-runtime-4.1.2.jar;C:\Users\lamho\.m2\repository\jakarta\inject\jakarta.inject-api\2.0.1\jakarta.inject-api-2.0.1.jar;C:\Users\lamho\.m2\repository\org\antlr\antlr4-runtime\4.13.0\antlr4-runtime-4.13.0.jar;C:\Users\lamho\.m2\repository\org\springframework\data\spring-data-jpa\3.2.3\spring-data-jpa-3.2.3.jar;C:\Users\lamho\.m2\repository\org\springframework\data\spring-data-commons\3.2.3\spring-data-commons-3.2.3.jar;C:\Users\l
Launcher Type: SUN_STANDARD

[Global flags]
     intx CICompilerCount                          = 4                                         {product} {ergonomic}
     uint ConcGCThreads                            = 2                                         {product} {ergonomic}
     uint G1ConcRefinementThreads                  = 8                                         {product} {ergonomic}
   size_t G1HeapRegionSize                         = 1048576                                   {product} {ergonomic}
    uintx GCDrainStackTargetSize                   = 64                                        {product} {ergonomic}
   size_t InitialHeapSize                          = 132120576                                 {product} {ergonomic}
   size_t MarkStackSize                            = 4194304                                   {product} {ergonomic}
   size_t MaxHeapSize                              = 2113929216                                {product} {ergonomic}
   size_t MaxNewSize                               = 1267728384                                {product} {ergonomic}
   size_t MinHeapDeltaBytes                        = 1048576                                   {product} {ergonomic}
   size_t MinHeapSize                              = 8388608                                   {product} {ergonomic}
    uintx NonProfiledCodeHeapSize                  = 0                                      {pd product} {ergonomic}
     bool ProfileInterpreter                       = false                                  {pd product} {command line}
    uintx ProfiledCodeHeapSize                     = 0                                      {pd product} {ergonomic}
   size_t SoftMaxHeapSize                          = 2113929216                             {manageable} {ergonomic}
     intx TieredStopAtLevel                        = 1                                         {product} {command line}
     bool UseCompressedClassPointers               = true                           {product lp64_product} {ergonomic}
     bool UseCompressedOops                        = true                           {product lp64_product} {ergonomic}
     bool UseG1GC                                  = true                                      {product} {ergonomic}
     bool UseLargePagesIndividualAllocation        = false                                  {pd product} {ergonomic}

Logging:
Log output configuration:
 #0: stdout all=warning uptime,level,tags
 #1: stderr all=off uptime,level,tags

Environment Variables:
JAVA_HOME=C:\Program Files\Microsoft\jdk-17.0.18.8-hotspot\
PATH=C:\Program Files\Microsoft\jdk-17.0.18.8-hotspot\bin;C:\Program Files (x86)\Common Files\Oracle\Java\javapath;C:\WINDOWS\system32;C:\WINDOWS;C:\WINDOWS\System32\Wbem;C:\WINDOWS\System32\WindowsPowerShell\v1.0\;C:\WINDOWS\System32\OpenSSH\;C:\Program Files\dotnet\;C:\Program Files\Sunshine;C:\Program Files\Sunshine\tools;C:\Program Files\Git\cmd;C:\Program Files\Cloudflare\Cloudflare WARP\;C:\Program Files (x86)\Microsoft SQL Server\160\Tools\Binn\;C:\Program Files\Microsoft SQL Server\160\Tools\Binn\;C:\Program Files\Microsoft SQL Server\Client SDK\ODBC\170\Tools\Binn\;C:\Program Files\Microsoft SQL Server\160\DTS\Binn\;C:\Program Files\nodejs\;C:\Users\lamho\.local\bin;C:\Users\lamho\AppData\Local\Programs\Python\Python315\Scripts\;C:\Users\lamho\AppData\Local\Programs\Python\Python315\;C:\Users\lamho\AppData\Local\Programs\Python\Launcher\;C:\Users\lamho\AppData\Local\Microsoft\WindowsApps;D:\IntelliJ IDEA 261.21849.20\bin;D:\code\Microsoft VS Code\bin;C:\Users\lamho\AppData\Roaming\npm;D:\code\Antigravity\bin;c:\Users\lamho\.antigravity\extensions\vscjava.vscode-java-debug-0.58.5-universal\bundled\scripts\noConfigScripts
USERNAME=lamho
LANG=en_US.UTF-8
OS=Windows_NT
PROCESSOR_IDENTIFIER=Intel64 Family 6 Model 165 Stepping 3, GenuineIntel
TMP=C:\Users\lamho\AppData\Local\Temp
TEMP=C:\Users\lamho\AppData\Local\Temp



Periodic native trim disabled


---------------  S Y S T E M  ---------------

OS:
 Windows 10 , 64 bit Build 19041 (10.0.19041.5915)
OS uptime: 4 days 12:36 hours
Hyper-V role detected

CPU: total 8 (initial active 8) (4 cores per cpu, 2 threads per core) family 6 model 165 stepping 3 microcode 0xe0, cx8, cmov, fxsr, ht, mmx, 3dnowpref, sse, sse2, sse3, ssse3, sse4.1, sse4.2, popcnt, lzcnt, tsc, tscinvbit, avx, avx2, aes, erms, clmul, bmi1, bmi2, adx, fma, vzeroupper, clflush, clflushopt, hv
Processor Information for the first 8 processors :
  Max Mhz: 3600, Current Mhz: 3600, Mhz Limit: 3600

Memory: 4k page, system-wide physical 8058M (286M free)
TotalPageFile size 26002M (AvailPageFile size 2M)
current process WorkingSet (physical memory assigned to process): 98M, peak: 98M
current process commit charge ("private bytes"): 233M, peak: 233M

vm_info: OpenJDK 64-Bit Server VM (17.0.18+8-LTS) for windows-amd64 JRE (17.0.18+8-LTS), built on Jan 15 2026 18:50:45 by "MicrosoftCorporation" with MS VC++ 17.14 (VS2022)

END.
