#
# There is insufficient memory for the Java Runtime Environment to continue.
# Native memory allocation (mmap) failed to map 8388608 bytes. Error detail: G1 virtual space
# Possible reasons:
#   The system is out of physical RAM or swap space
#   This process is running with CompressedOops enabled, and the Java Heap may be blocking the growth of the native heap
# Possible solutions:
#   Reduce memory load on the system
#   Increase physical memory or swap space
#   Check if swap backing store is full
#   Decrease Java heap size (-Xmx/-Xms)
#   Decrease number of Java threads
#   Decrease Java thread stack sizes (-Xss)
#   Set larger code cache with -XX:ReservedCodeCacheSize=
#   JVM is running with Unscaled Compressed Oops mode in which the Java heap is
#     placed in the first 4GB address space. The Java Heap base address is the
#     maximum limit for the native heap growth. Please use -XX:HeapBaseMinAddress
#     to set the Java Heap base and to place the Java Heap above 4GB virtual address.
# This output file may be truncated or incomplete.
#
#  Out of Memory Error (os_windows.cpp:3690), pid=22696, tid=25764
#
# JRE version: OpenJDK Runtime Environment Microsoft-13106358 (17.0.18+8) (build 17.0.18+8-LTS)
# Java VM: OpenJDK 64-Bit Server VM Microsoft-13106358 (17.0.18+8-LTS, mixed mode, emulated-client, sharing, tiered, compressed oops, compressed class ptrs, g1 gc, windows-amd64)
# No core dump will be written. Minidumps are not enabled by default on client versions of Windows
#

---------------  S U M M A R Y ------------

Command Line: -XX:TieredStopAtLevel=1 com.example.JWTImplemenation.JwtImplemenationApplication --spring.profiles.active=local

Host: Intel(R) Core(TM) i3-10100 CPU @ 3.60GHz, 8 cores, 7G,  Windows 10 , 64 bit Build 19041 (10.0.19041.5915)
Time: Sun Mar 22 22:40:41 2026 SE Asia Standard Time elapsed time: 23.615455 seconds (0d 0h 0m 23s)

---------------  T H R E A D  ---------------

Current thread (0x000001941ab27870):  VMThread "VM Thread" [stack: 0x0000006296700000,0x0000006296800000] [id=25764]

Stack: [0x0000006296700000,0x0000006296800000]
Native frames: (J=compiled Java code, j=interpreted, Vv=VM code, C=native code)
V  [jvm.dll+0x68c879]  (no source info available)
V  [jvm.dll+0x845979]  (no source info available)
V  [jvm.dll+0x8476e8]  (no source info available)
V  [jvm.dll+0x847d73]  (no source info available)
V  [jvm.dll+0x24cf6f]  (no source info available)
V  [jvm.dll+0x68bc79]  (no source info available)
V  [jvm.dll+0x68023a]  (no source info available)
V  [jvm.dll+0x3101a0]  (no source info available)
V  [jvm.dll+0x310042]  (no source info available)
V  [jvm.dll+0x317599]  (no source info available)
V  [jvm.dll+0x369999]  (no source info available)
V  [jvm.dll+0x369bcd]  (no source info available)
V  [jvm.dll+0x2e69aa]  (no source info available)
V  [jvm.dll+0x2e4da1]  (no source info available)
V  [jvm.dll+0x2e453c]  (no source info available)
V  [jvm.dll+0x328ecb]  (no source info available)
V  [jvm.dll+0x84c5fd]  (no source info available)
V  [jvm.dll+0x84d313]  (no source info available)
V  [jvm.dll+0x84d844]  (no source info available)
V  [jvm.dll+0x84dc28]  (no source info available)
V  [jvm.dll+0x84dd1e]  (no source info available)
V  [jvm.dll+0x7f5ebc]  (no source info available)
V  [jvm.dll+0x68de17]  (no source info available)
C  [ucrtbase.dll+0x21bb2]  (no source info available)
C  [KERNEL32.DLL+0x17374]  (no source info available)
C  [ntdll.dll+0x4cc91]  (no source info available)

VM_Operation (0x00000062987fd6d0): G1CollectForAllocation, mode: safepoint, requested by thread 0x0000019462012910


---------------  P R O C E S S  ---------------

Threads class SMR info:
_java_thread_list=0x0000019462b15640, length=29, elements={
0x000001941ab2cf30, 0x000001941ab2ddb0, 0x000001941ab45210, 0x000001941ab45e90,
0x000001941ab46b10, 0x000001941ab484e0, 0x000001941ab49eb0, 0x000001941ab55dc0,
0x000001941ad28d40, 0x000001941ad2dea0, 0x00000194615c4fe0, 0x0000019461917160,
0x00000194621d2990, 0x00000194622a5cf0, 0x0000019462012e20, 0x0000019462010090,
0x00000194620105a0, 0x0000019462012400, 0x0000019462012910, 0x0000019462010ab0,
0x0000019462013840, 0x0000019462010fc0, 0x0000019462013330, 0x00000194620114d0,
0x00000194620119e0, 0x0000019462011ef0, 0x0000019462beb5d0, 0x0000019462bed940,
0x0000019462beb0c0
}

Java Threads: ( => current thread )
  0x000001941ab2cf30 JavaThread "Reference Handler" daemon [_thread_blocked, id=11736, stack(0x0000006296800000,0x0000006296900000)]
  0x000001941ab2ddb0 JavaThread "Finalizer" daemon [_thread_blocked, id=5068, stack(0x0000006296900000,0x0000006296a00000)]
  0x000001941ab45210 JavaThread "Signal Dispatcher" daemon [_thread_blocked, id=8464, stack(0x0000006296a00000,0x0000006296b00000)]
  0x000001941ab45e90 JavaThread "Attach Listener" daemon [_thread_blocked, id=10636, stack(0x0000006296b00000,0x0000006296c00000)]
  0x000001941ab46b10 JavaThread "Service Thread" daemon [_thread_blocked, id=25904, stack(0x0000006296c00000,0x0000006296d00000)]
  0x000001941ab484e0 JavaThread "Monitor Deflation Thread" daemon [_thread_blocked, id=24480, stack(0x0000006296d00000,0x0000006296e00000)]
  0x000001941ab49eb0 JavaThread "C1 CompilerThread0" daemon [_thread_blocked, id=11812, stack(0x0000006296e00000,0x0000006296f00000)]
  0x000001941ab55dc0 JavaThread "Sweeper thread" daemon [_thread_blocked, id=20496, stack(0x0000006296f00000,0x0000006297000000)]
  0x000001941ad28d40 JavaThread "Notification Thread" daemon [_thread_blocked, id=14012, stack(0x0000006297100000,0x0000006297200000)]
  0x000001941ad2dea0 JavaThread "Common-Cleaner" daemon [_thread_blocked, id=14464, stack(0x0000006297300000,0x0000006297400000)]
  0x00000194615c4fe0 JavaThread "PostgreSQL-JDBC-Cleaner" daemon [_thread_blocked, id=20028, stack(0x0000006297f00000,0x0000006298000000)]
  0x0000019461917160 JavaThread "HikariPool-1 housekeeper" daemon [_thread_blocked, id=15520, stack(0x0000006298000000,0x0000006298100000)]
  0x00000194621d2990 JavaThread "Catalina-utility-1" [_thread_blocked, id=1476, stack(0x0000006297500000,0x0000006297600000)]
  0x00000194622a5cf0 JavaThread "Catalina-utility-2" [_thread_blocked, id=26824, stack(0x0000006298200000,0x0000006298300000)]
  0x0000019462012e20 JavaThread "container-0" [_thread_blocked, id=29516, stack(0x0000006298300000,0x0000006298400000)]
  0x0000019462010090 JavaThread "boundedElastic-evictor-1" daemon [_thread_blocked, id=10200, stack(0x0000006298400000,0x0000006298500000)]
  0x00000194620105a0 JavaThread "http-nio-8080-exec-1" daemon [_thread_blocked, id=22284, stack(0x0000006298500000,0x0000006298600000)]
  0x0000019462012400 JavaThread "http-nio-8080-exec-2" daemon [_thread_blocked, id=976, stack(0x0000006298600000,0x0000006298700000)]
  0x0000019462012910 JavaThread "http-nio-8080-exec-3" daemon [_thread_blocked, id=19272, stack(0x0000006298700000,0x0000006298800000)]
  0x0000019462010ab0 JavaThread "http-nio-8080-exec-4" daemon [_thread_blocked, id=12820, stack(0x0000006298800000,0x0000006298900000)]
  0x0000019462013840 JavaThread "http-nio-8080-exec-5" daemon [_thread_blocked, id=2196, stack(0x0000006298900000,0x0000006298a00000)]
  0x0000019462010fc0 JavaThread "http-nio-8080-exec-6" daemon [_thread_blocked, id=20904, stack(0x0000006298a00000,0x0000006298b00000)]
  0x0000019462013330 JavaThread "http-nio-8080-exec-7" daemon [_thread_blocked, id=7156, stack(0x0000006298b00000,0x0000006298c00000)]
  0x00000194620114d0 JavaThread "http-nio-8080-exec-8" daemon [_thread_blocked, id=15900, stack(0x0000006298c00000,0x0000006298d00000)]
  0x00000194620119e0 JavaThread "http-nio-8080-exec-9" daemon [_thread_blocked, id=28576, stack(0x0000006298d00000,0x0000006298e00000)]
  0x0000019462011ef0 JavaThread "http-nio-8080-exec-10" daemon [_thread_blocked, id=6632, stack(0x0000006298e00000,0x0000006298f00000)]
  0x0000019462beb5d0 JavaThread "http-nio-8080-Poller" daemon [_thread_in_native, id=28496, stack(0x0000006298f00000,0x0000006299000000)]
  0x0000019462bed940 JavaThread "http-nio-8080-Acceptor" daemon [_thread_in_native, id=11324, stack(0x0000006299000000,0x0000006299100000)]
  0x0000019462beb0c0 JavaThread "DestroyJavaVM" [_thread_blocked, id=17768, stack(0x0000006296100000,0x0000006296200000)]

Other Threads:
=>0x000001941ab27870 VMThread "VM Thread" [stack: 0x0000006296700000,0x0000006296800000] [id=25764]
  0x000001941ad29630 WatcherThread [stack: 0x0000006297200000,0x0000006297300000] [id=20224]
  0x0000019408a1f380 GCTaskThread "GC Thread#0" [stack: 0x0000006296200000,0x0000006296300000] [id=29248]
  0x0000019460727510 GCTaskThread "GC Thread#1" [stack: 0x0000006297600000,0x0000006297700000] [id=25396]
  0x000001946073ce40 GCTaskThread "GC Thread#2" [stack: 0x0000006297700000,0x0000006297800000] [id=25252]
  0x00000194607564f0 GCTaskThread "GC Thread#3" [stack: 0x0000006297800000,0x0000006297900000] [id=7468]
  0x00000194607567c0 GCTaskThread "GC Thread#4" [stack: 0x0000006297900000,0x0000006297a00000] [id=27664]
  0x0000019460b48070 GCTaskThread "GC Thread#5" [stack: 0x0000006297b00000,0x0000006297c00000] [id=4364]
  0x0000019460a29370 GCTaskThread "GC Thread#6" [stack: 0x0000006297c00000,0x0000006297d00000] [id=29012]
  0x0000019460a29640 GCTaskThread "GC Thread#7" [stack: 0x0000006297d00000,0x0000006297e00000] [id=20152]
  0x0000019408a2fee0 ConcurrentGCThread "G1 Main Marker" [stack: 0x0000006296300000,0x0000006296400000] [id=5992]
  0x0000019408a320b0 ConcurrentGCThread "G1 Conc#0" [stack: 0x0000006296400000,0x0000006296500000] [id=7400]
  0x0000019460b8dcc0 ConcurrentGCThread "G1 Conc#1" [stack: 0x0000006297a00000,0x0000006297b00000] [id=4464]
  0x000001941a9dc520 ConcurrentGCThread "G1 Refine#0" [stack: 0x0000006296500000,0x0000006296600000] [id=19780]
  0x000001941a9dce70 ConcurrentGCThread "G1 Service" [stack: 0x0000006296600000,0x0000006296700000] [id=20228]

Threads with active compile tasks:

VM state: at safepoint (normal execution)

VM Mutex/Monitor currently owned by a thread:  ([mutex/lock_event])
[0x00000194089c17c0] Threads_lock - owner thread: 0x000001941ab27870
[0x00000194089c0380] Heap_lock - owner thread: 0x0000019462012910

Heap address: 0x0000000082000000, size: 2016 MB, Compressed Oops mode: 32-bit

CDS archive(s) mapped at: [0x000001941b000000-0x000001941bbb0000-0x000001941bbb0000), size 12255232, SharedBaseAddress: 0x000001941b000000, ArchiveRelocationMode: 1.
Compressed class space mapped at: 0x000001941c000000-0x000001945c000000, reserved size: 1073741824
Narrow klass base: 0x000001941b000000, Narrow klass shift: 0, Narrow klass range: 0x100000000

GC Precious Log:
 CPUs: 8 total, 8 available
 Memory: 8058M
 Large Page Support: Disabled
 NUMA Support: Disabled
 Compressed Oops: Enabled (32-bit)
 Heap Region Size: 1M
 Heap Min Capacity: 8M
 Heap Initial Capacity: 126M
 Heap Max Capacity: 2016M
 Pre-touch: Disabled
 Parallel Workers: 8
 Concurrent Workers: 2
 Concurrent Refinement Workers: 8
 Periodic GC: Disabled

Heap:
 garbage-first heap   total 95232K, used 43942K [0x0000000082000000, 0x0000000100000000)
  region size 1024K, 5 young (5120K), 5 survivors (5120K)
 Metaspace       used 74101K, committed 74688K, reserved 1114112K
  class space    used 10733K, committed 11008K, reserved 1048576K

Heap Regions: E=young(eden), S=young(survivor), O=old, HS=humongous(starts), HC=humongous(continues), CS=collection set, F=free, OA=open archive, CA=closed archive, TAMS=top-at-mark-start (previous, next)
|   0|0x0000000082000000, 0x0000000082100000, 0x0000000082100000|100%|HS|  |TAMS 0x0000000082100000, 0x0000000082000000| Complete 
|   1|0x0000000082100000, 0x0000000082200000, 0x0000000082200000|100%| O|  |TAMS 0x0000000082200000, 0x0000000082100000| Untracked 
|   2|0x0000000082200000, 0x0000000082300000, 0x0000000082300000|100%| O|  |TAMS 0x0000000082300000, 0x0000000082200000| Untracked 
|   3|0x0000000082300000, 0x0000000082400000, 0x0000000082400000|100%| O|  |TAMS 0x0000000082400000, 0x0000000082300000| Untracked 
|   4|0x0000000082400000, 0x0000000082500000, 0x0000000082500000|100%| O|  |TAMS 0x0000000082500000, 0x0000000082400000| Untracked 
|   5|0x0000000082500000, 0x0000000082600000, 0x0000000082600000|100%| O|  |TAMS 0x0000000082600000, 0x0000000082500000| Untracked 
|   6|0x0000000082600000, 0x0000000082700000, 0x0000000082700000|100%| O|  |TAMS 0x0000000082700000, 0x0000000082600000| Untracked 
|   7|0x0000000082700000, 0x0000000082800000, 0x0000000082800000|100%| O|  |TAMS 0x0000000082800000, 0x0000000082700000| Untracked 
|   8|0x0000000082800000, 0x0000000082900000, 0x0000000082900000|100%| O|  |TAMS 0x0000000082900000, 0x0000000082800000| Untracked 
|   9|0x0000000082900000, 0x0000000082a00000, 0x0000000082a00000|100%| O|  |TAMS 0x0000000082a00000, 0x0000000082900000| Untracked 
|  10|0x0000000082a00000, 0x0000000082b00000, 0x0000000082b00000|100%| O|  |TAMS 0x0000000082b00000, 0x0000000082a00000| Untracked 
|  11|0x0000000082b00000, 0x0000000082c00000, 0x0000000082c00000|100%| O|  |TAMS 0x0000000082c00000, 0x0000000082b00000| Untracked 
|  12|0x0000000082c00000, 0x0000000082d00000, 0x0000000082d00000|100%| O|  |TAMS 0x0000000082d00000, 0x0000000082c00000| Untracked 
|  13|0x0000000082d00000, 0x0000000082e00000, 0x0000000082e00000|100%| O|  |TAMS 0x0000000082e00000, 0x0000000082d00000| Untracked 
|  14|0x0000000082e00000, 0x0000000082f00000, 0x0000000082f00000|100%| O|  |TAMS 0x0000000082f00000, 0x0000000082e00000| Untracked 
|  15|0x0000000082f00000, 0x0000000082f37000, 0x0000000083000000| 21%| O|  |TAMS 0x0000000082f37000, 0x0000000082f00000| Untracked 
|  16|0x0000000083000000, 0x0000000083100000, 0x0000000083100000|100%| O|  |TAMS 0x0000000083100000, 0x0000000083000000| Untracked 
|  17|0x0000000083100000, 0x0000000083200000, 0x0000000083200000|100%| O|  |TAMS 0x0000000083200000, 0x0000000083100000| Untracked 
|  18|0x0000000083200000, 0x0000000083300000, 0x0000000083300000|100%| O|  |TAMS 0x0000000083300000, 0x0000000083200000| Untracked 
|  19|0x0000000083300000, 0x0000000083400000, 0x0000000083400000|100%| O|  |TAMS 0x0000000083400000, 0x0000000083300000| Untracked 
|  20|0x0000000083400000, 0x0000000083500000, 0x0000000083500000|100%| O|  |TAMS 0x0000000083500000, 0x0000000083400000| Untracked 
|  21|0x0000000083500000, 0x0000000083600000, 0x0000000083600000|100%| O|  |TAMS 0x0000000083600000, 0x0000000083500000| Untracked 
|  22|0x0000000083600000, 0x0000000083700000, 0x0000000083700000|100%| O|  |TAMS 0x0000000083700000, 0x0000000083600000| Untracked 
|  23|0x0000000083700000, 0x0000000083800000, 0x0000000083800000|100%| O|  |TAMS 0x0000000083800000, 0x0000000083700000| Untracked 
|  24|0x0000000083800000, 0x0000000083900000, 0x0000000083900000|100%| O|  |TAMS 0x0000000083900000, 0x0000000083800000| Untracked 
|  25|0x0000000083900000, 0x0000000083a00000, 0x0000000083a00000|100%| O|  |TAMS 0x0000000083900000, 0x0000000083900000| Untracked 
|  26|0x0000000083a00000, 0x0000000083b00000, 0x0000000083b00000|100%| O|  |TAMS 0x0000000083a00000, 0x0000000083a00000| Untracked 
|  27|0x0000000083b00000, 0x0000000083c00000, 0x0000000083c00000|100%| O|  |TAMS 0x0000000083b00000, 0x0000000083b00000| Untracked 
|  28|0x0000000083c00000, 0x0000000083d00000, 0x0000000083d00000|100%| O|  |TAMS 0x0000000083c00000, 0x0000000083c00000| Untracked 
|  29|0x0000000083d00000, 0x0000000083e00000, 0x0000000083e00000|100%| O|  |TAMS 0x0000000083d00000, 0x0000000083d00000| Untracked 
|  30|0x0000000083e00000, 0x0000000083f00000, 0x0000000083f00000|100%| O|  |TAMS 0x0000000083e00000, 0x0000000083e00000| Untracked 
|  31|0x0000000083f00000, 0x0000000084000000, 0x0000000084000000|100%| O|  |TAMS 0x0000000083f00000, 0x0000000083f00000| Untracked 
|  32|0x0000000084000000, 0x0000000084100000, 0x0000000084100000|100%| O|  |TAMS 0x0000000084000000, 0x0000000084000000| Untracked 
|  33|0x0000000084100000, 0x0000000084200000, 0x0000000084200000|100%| O|  |TAMS 0x0000000084100000, 0x0000000084100000| Untracked 
|  34|0x0000000084200000, 0x0000000084300000, 0x0000000084300000|100%| O|  |TAMS 0x0000000084200000, 0x0000000084200000| Untracked 
|  35|0x0000000084300000, 0x0000000084400000, 0x0000000084400000|100%| O|  |TAMS 0x0000000084300000, 0x0000000084300000| Untracked 
|  36|0x0000000084400000, 0x0000000084500000, 0x0000000084500000|100%| O|  |TAMS 0x0000000084400000, 0x0000000084400000| Untracked 
|  37|0x0000000084500000, 0x0000000084600000, 0x0000000084600000|100%| O|  |TAMS 0x0000000084500000, 0x0000000084500000| Untracked 
|  38|0x0000000084600000, 0x00000000846c3400, 0x0000000084700000| 76%| O|  |TAMS 0x0000000084600000, 0x0000000084600000| Untracked 
|  39|0x0000000084700000, 0x0000000084700000, 0x0000000084800000|  0%| F|  |TAMS 0x0000000084700000, 0x0000000084700000| Untracked 
|  40|0x0000000084800000, 0x0000000084800000, 0x0000000084900000|  0%| F|  |TAMS 0x0000000084800000, 0x0000000084800000| Untracked 
|  41|0x0000000084900000, 0x0000000084900000, 0x0000000084a00000|  0%| F|  |TAMS 0x0000000084900000, 0x0000000084900000| Untracked 
|  42|0x0000000084a00000, 0x0000000084a00000, 0x0000000084b00000|  0%| F|  |TAMS 0x0000000084a00000, 0x0000000084a00000| Untracked 
|  43|0x0000000084b00000, 0x0000000084b00000, 0x0000000084c00000|  0%| F|  |TAMS 0x0000000084b00000, 0x0000000084b00000| Untracked 
|  44|0x0000000084c00000, 0x0000000084c00000, 0x0000000084d00000|  0%| F|  |TAMS 0x0000000084c00000, 0x0000000084c00000| Untracked 
|  45|0x0000000084d00000, 0x0000000084d00000, 0x0000000084e00000|  0%| F|  |TAMS 0x0000000084d00000, 0x0000000084d00000| Untracked 
|  46|0x0000000084e00000, 0x0000000084e00000, 0x0000000084f00000|  0%| F|  |TAMS 0x0000000084e00000, 0x0000000084e00000| Untracked 
|  47|0x0000000084f00000, 0x0000000084f00000, 0x0000000085000000|  0%| F|  |TAMS 0x0000000084f00000, 0x0000000084f00000| Untracked 
|  48|0x0000000085000000, 0x0000000085000000, 0x0000000085100000|  0%| F|  |TAMS 0x0000000085000000, 0x0000000085000000| Untracked 
|  49|0x0000000085100000, 0x0000000085100000, 0x0000000085200000|  0%| F|  |TAMS 0x0000000085100000, 0x0000000085100000| Untracked 
|  50|0x0000000085200000, 0x0000000085200000, 0x0000000085300000|  0%| F|  |TAMS 0x0000000085200000, 0x0000000085200000| Untracked 
|  51|0x0000000085300000, 0x00000000853ef6a0, 0x0000000085400000| 93%| S|CS|TAMS 0x0000000085300000, 0x0000000085300000| Complete 
|  52|0x0000000085400000, 0x0000000085500000, 0x0000000085500000|100%| S|CS|TAMS 0x0000000085400000, 0x0000000085400000| Complete 
|  53|0x0000000085500000, 0x0000000085500000, 0x0000000085600000|  0%| F|  |TAMS 0x0000000085500000, 0x0000000085500000| Untracked 
|  54|0x0000000085600000, 0x0000000085600000, 0x0000000085700000|  0%| F|  |TAMS 0x0000000085600000, 0x0000000085600000| Untracked 
|  55|0x0000000085700000, 0x0000000085800000, 0x0000000085800000|100%| S|CS|TAMS 0x0000000085700000, 0x0000000085700000| Complete 
|  56|0x0000000085800000, 0x0000000085900000, 0x0000000085900000|100%| S|CS|TAMS 0x0000000085800000, 0x0000000085800000| Complete 
|  57|0x0000000085900000, 0x0000000085a00000, 0x0000000085a00000|100%| S|CS|TAMS 0x0000000085900000, 0x0000000085900000| Complete 
|  58|0x0000000085a00000, 0x0000000085a00000, 0x0000000085b00000|  0%| F|  |TAMS 0x0000000085a00000, 0x0000000085a00000| Untracked 
|  59|0x0000000085b00000, 0x0000000085b00000, 0x0000000085c00000|  0%| F|  |TAMS 0x0000000085b00000, 0x0000000085b00000| Untracked 
|  60|0x0000000085c00000, 0x0000000085c00000, 0x0000000085d00000|  0%| F|  |TAMS 0x0000000085c00000, 0x0000000085c00000| Untracked 
|  61|0x0000000085d00000, 0x0000000085d00000, 0x0000000085e00000|  0%| F|  |TAMS 0x0000000085d00000, 0x0000000085d00000| Untracked 
|  62|0x0000000085e00000, 0x0000000085e00000, 0x0000000085f00000|  0%| F|  |TAMS 0x0000000085e00000, 0x0000000085e00000| Untracked 
|  63|0x0000000085f00000, 0x0000000085f00000, 0x0000000086000000|  0%| F|  |TAMS 0x0000000085f00000, 0x0000000085f00000| Untracked 
|  64|0x0000000086000000, 0x0000000086000000, 0x0000000086100000|  0%| F|  |TAMS 0x0000000086000000, 0x0000000086000000| Untracked 
|  65|0x0000000086100000, 0x0000000086100000, 0x0000000086200000|  0%| F|  |TAMS 0x0000000086100000, 0x0000000086100000| Untracked 
|  66|0x0000000086200000, 0x0000000086200000, 0x0000000086300000|  0%| F|  |TAMS 0x0000000086200000, 0x0000000086200000| Untracked 
|  67|0x0000000086300000, 0x0000000086300000, 0x0000000086400000|  0%| F|  |TAMS 0x0000000086300000, 0x0000000086300000| Untracked 
|  68|0x0000000086400000, 0x0000000086400000, 0x0000000086500000|  0%| F|  |TAMS 0x0000000086400000, 0x0000000086400000| Untracked 
|  69|0x0000000086500000, 0x0000000086500000, 0x0000000086600000|  0%| F|  |TAMS 0x0000000086500000, 0x0000000086500000| Untracked 
|  70|0x0000000086600000, 0x0000000086600000, 0x0000000086700000|  0%| F|  |TAMS 0x0000000086600000, 0x0000000086600000| Untracked 
|  71|0x0000000086700000, 0x0000000086700000, 0x0000000086800000|  0%| F|  |TAMS 0x0000000086700000, 0x0000000086700000| Untracked 
|  72|0x0000000086800000, 0x0000000086800000, 0x0000000086900000|  0%| F|  |TAMS 0x0000000086800000, 0x0000000086800000| Untracked 
|  73|0x0000000086900000, 0x0000000086900000, 0x0000000086a00000|  0%| F|  |TAMS 0x0000000086900000, 0x0000000086900000| Untracked 
|  74|0x0000000086a00000, 0x0000000086a00000, 0x0000000086b00000|  0%| F|  |TAMS 0x0000000086a00000, 0x0000000086a00000| Untracked 
|  75|0x0000000086b00000, 0x0000000086b00000, 0x0000000086c00000|  0%| F|  |TAMS 0x0000000086b00000, 0x0000000086b00000| Untracked 
|  76|0x0000000086c00000, 0x0000000086c00000, 0x0000000086d00000|  0%| F|  |TAMS 0x0000000086c00000, 0x0000000086c00000| Untracked 
|  77|0x0000000086d00000, 0x0000000086d00000, 0x0000000086e00000|  0%| F|  |TAMS 0x0000000086d00000, 0x0000000086d00000| Untracked 
|  78|0x0000000086e00000, 0x0000000086e00000, 0x0000000086f00000|  0%| F|  |TAMS 0x0000000086e00000, 0x0000000086e00000| Untracked 
|  79|0x0000000086f00000, 0x0000000086f00000, 0x0000000087000000|  0%| F|  |TAMS 0x0000000086f00000, 0x0000000086f00000| Untracked 
|  80|0x0000000087000000, 0x0000000087000000, 0x0000000087100000|  0%| F|  |TAMS 0x0000000087000000, 0x0000000087000000| Untracked 
|  81|0x0000000087100000, 0x0000000087100000, 0x0000000087200000|  0%| F|  |TAMS 0x0000000087100000, 0x0000000087100000| Untracked 
|  82|0x0000000087200000, 0x0000000087200000, 0x0000000087300000|  0%| F|  |TAMS 0x0000000087200000, 0x0000000087200000| Untracked 
|  83|0x0000000087300000, 0x0000000087300000, 0x0000000087400000|  0%| F|  |TAMS 0x0000000087300000, 0x0000000087300000| Untracked 
|  84|0x0000000087400000, 0x0000000087400000, 0x0000000087500000|  0%| F|  |TAMS 0x0000000087400000, 0x0000000087400000| Untracked 
|  85|0x0000000087500000, 0x0000000087500000, 0x0000000087600000|  0%| F|  |TAMS 0x0000000087500000, 0x0000000087500000| Untracked 
|  86|0x0000000087600000, 0x0000000087600000, 0x0000000087700000|  0%| F|  |TAMS 0x0000000087600000, 0x0000000087600000| Untracked 
|  87|0x0000000087700000, 0x0000000087700000, 0x0000000087800000|  0%| F|  |TAMS 0x0000000087700000, 0x0000000087700000| Untracked 
|  88|0x0000000087800000, 0x0000000087800000, 0x0000000087900000|  0%| F|  |TAMS 0x0000000087800000, 0x0000000087800000| Untracked 
|  89|0x0000000087900000, 0x0000000087900000, 0x0000000087a00000|  0%| F|  |TAMS 0x0000000087900000, 0x0000000087900000| Untracked 
|  98|0x0000000088200000, 0x0000000088200000, 0x0000000088300000|  0%| F|  |TAMS 0x0000000088200000, 0x0000000088200000| Untracked 
|  99|0x0000000088300000, 0x0000000088300000, 0x0000000088400000|  0%| F|  |TAMS 0x0000000088300000, 0x0000000088300000| Untracked 
| 125|0x0000000089d00000, 0x0000000089d00000, 0x0000000089e00000|  0%| F|  |TAMS 0x0000000089d00000, 0x0000000089d00000| Untracked 

Card table byte_map: [0x0000019413a30000,0x0000019413e20000] _byte_map_base: 0x0000019413620000

Marking Bits (Prev, Next): (CMBitMap*) 0x0000019408a1f9f0, (CMBitMap*) 0x0000019408a1f9b0
 Prev Bits: [0x0000019416190000, 0x0000019418110000)
 Next Bits: [0x0000019414210000, 0x0000019416190000)

Polling page: 0x00000194067e0000

Metaspace:

Usage:
  Non-class:     61.88 MB used.
      Class:     10.48 MB used.
       Both:     72.36 MB used.

Virtual space:
  Non-class space:       64.00 MB reserved,      62.19 MB ( 97%) committed,  1 nodes.
      Class space:        1.00 GB reserved,      10.75 MB (  1%) committed,  1 nodes.
             Both:        1.06 GB reserved,      72.94 MB (  7%) committed. 

Chunk freelists:
   Non-Class:  1.47 MB
       Class:  5.25 MB
        Both:  6.72 MB

MaxMetaspaceSize: unlimited
CompressedClassSpaceSize: 1.00 GB
Initial GC threshold: 21.00 MB
Current GC threshold: 98.38 MB
CDS: on
MetaspaceReclaimPolicy: balanced
 - commit_granule_bytes: 65536.
 - commit_granule_words: 8192.
 - virtual_space_node_default_size: 8388608.
 - enlarge_chunks_in_place: 1.
 - new_chunks_are_fully_committed: 0.
 - uncommit_free_chunks: 1.
 - use_allocation_guard: 0.
 - handle_deallocations: 1.


Internal statistics:

num_allocs_failed_limit: 9.
num_arena_births: 828.
num_arena_deaths: 0.
num_vsnodes_births: 2.
num_vsnodes_deaths: 0.
num_space_committed: 1167.
num_space_uncommitted: 0.
num_chunks_returned_to_freelist: 9.
num_chunks_taken_from_freelist: 3516.
num_chunk_merges: 9.
num_chunk_splits: 2578.
num_chunks_enlarged: 2031.
num_inconsistent_stats: 0.

CodeCache: size=49152Kb used=13488Kb max_used=14606Kb free=35663Kb
 bounds [0x0000019410530000, 0x0000019411380000, 0x0000019413530000]
 total_blobs=8549 nmethods=7836 adapters=639
 compilation: enabled
              stopped_count=0, restarted_count=0
 full_count=0

Compilation events (20 events):
Event: 19.201 Thread 0x00000194606ae020 7826       1       jdk.internal.math.FDBigInteger::makeImmutable (6 bytes)
Event: 19.201 Thread 0x000001941ab49eb0 7827       1       jdk.internal.math.FDBigInteger::mult (44 bytes)
Event: 19.201 Thread 0x00000194606ae020 nmethod 7826 0x0000019411372410 code [0x00000194113725a0, 0x0000019411372678]
Event: 19.201 Thread 0x000001941ab49eb0 nmethod 7827 0x0000019411372710 code [0x00000194113728c0, 0x0000019411372b78]
Event: 23.590 Thread 0x000001941ab49eb0 7828       1       java.lang.invoke.LambdaFormBuffer::indexOf (25 bytes)
Event: 23.590 Thread 0x000001941ab49eb0 nmethod 7828 0x00000194106d4910 code [0x00000194106d4aa0, 0x00000194106d4bb8]
Event: 23.590 Thread 0x000001941ab49eb0 7829       1       java.lang.invoke.LambdaFormEditor::oldSpeciesData (8 bytes)
Event: 23.590 Thread 0x000001941ab49eb0 nmethod 7829 0x00000194106d4490 code [0x00000194106d4640, 0x00000194106d47f8]
Event: 23.595 Thread 0x000001941ab49eb0 7831       1       java.nio.HeapByteBuffer::put (17 bytes)
Event: 23.595 Thread 0x000001941ab49eb0 nmethod 7831 0x00000194106d3a90 code [0x00000194106d3c20, 0x00000194106d3d38]
Event: 23.595 Thread 0x000001941ab49eb0 7832   !   1       org.apache.tomcat.util.http.parser.HttpParser::isControl (9 bytes)
Event: 23.595 Thread 0x000001941ab49eb0 nmethod 7832 0x00000194106d3710 code [0x00000194106d38a0, 0x00000194106d39b8]
Event: 23.595 Thread 0x000001941ab49eb0 7833   !   1       org.apache.tomcat.util.http.parser.HttpParser::isToken (9 bytes)
Event: 23.595 Thread 0x000001941ab49eb0 nmethod 7833 0x00000194106d3390 code [0x00000194106d3520, 0x00000194106d3638]
Event: 23.595 Thread 0x000001941ab49eb0 7834       1       org.apache.tomcat.util.buf.AbstractChunk::<init> (20 bytes)
Event: 23.595 Thread 0x000001941ab49eb0 nmethod 7834 0x00000194106d3090 code [0x00000194106d3220, 0x00000194106d32f8]
Event: 23.599 Thread 0x000001941ab49eb0 7835       1       org.apache.tomcat.util.http.MimeHeaderField::getName (5 bytes)
Event: 23.599 Thread 0x000001941ab49eb0 nmethod 7835 0x00000194106d2d90 code [0x00000194106d2f20, 0x00000194106d2ff8]
Event: 23.599 Thread 0x000001941ab49eb0 7836       1       org.apache.tomcat.util.buf.Ascii::toLower (14 bytes)
Event: 23.599 Thread 0x000001941ab49eb0 nmethod 7836 0x00000194106d2a90 code [0x00000194106d2c20, 0x00000194106d2cf8]

GC Heap History (20 events):
Event: 16.267 GC heap after
{Heap after GC invocations=12 (full 0):
 garbage-first heap   total 78848K, used 28611K [0x0000000082000000, 0x0000000100000000)
  region size 1024K, 4 young (4096K), 4 survivors (4096K)
 Metaspace       used 57720K, committed 58240K, reserved 1114112K
  class space    used 8303K, committed 8512K, reserved 1048576K
}
Event: 16.583 GC heap before
{Heap before GC invocations=12 (full 0):
 garbage-first heap   total 78848K, used 48067K [0x0000000082000000, 0x0000000100000000)
  region size 1024K, 24 young (24576K), 4 survivors (4096K)
 Metaspace       used 59791K, committed 60288K, reserved 1114112K
  class space    used 8647K, committed 8896K, reserved 1048576K
}
Event: 16.595 GC heap after
{Heap after GC invocations=13 (full 0):
 garbage-first heap   total 78848K, used 30122K [0x0000000082000000, 0x0000000100000000)
  region size 1024K, 4 young (4096K), 4 survivors (4096K)
 Metaspace       used 59791K, committed 60288K, reserved 1114112K
  class space    used 8647K, committed 8896K, reserved 1048576K
}
Event: 17.591 GC heap before
{Heap before GC invocations=14 (full 0):
 garbage-first heap   total 78848K, used 61866K [0x0000000082000000, 0x0000000100000000)
  region size 1024K, 35 young (35840K), 4 survivors (4096K)
 Metaspace       used 63846K, committed 64384K, reserved 1114112K
  class space    used 9062K, committed 9344K, reserved 1048576K
}
Event: 17.595 GC heap after
{Heap after GC invocations=15 (full 0):
 garbage-first heap   total 78848K, used 32708K [0x0000000082000000, 0x0000000100000000)
  region size 1024K, 4 young (4096K), 4 survivors (4096K)
 Metaspace       used 63846K, committed 64384K, reserved 1114112K
  class space    used 9062K, committed 9344K, reserved 1048576K
}
Event: 17.862 GC heap before
{Heap before GC invocations=15 (full 0):
 garbage-first heap   total 78848K, used 62404K [0x0000000082000000, 0x0000000100000000)
  region size 1024K, 33 young (33792K), 4 survivors (4096K)
 Metaspace       used 65534K, committed 66112K, reserved 1114112K
  class space    used 9392K, committed 9664K, reserved 1048576K
}
Event: 17.865 GC heap after
{Heap after GC invocations=16 (full 0):
 garbage-first heap   total 78848K, used 34899K [0x0000000082000000, 0x0000000100000000)
  region size 1024K, 5 young (5120K), 5 survivors (5120K)
 Metaspace       used 65534K, committed 66112K, reserved 1114112K
  class space    used 9392K, committed 9664K, reserved 1048576K
}
Event: 18.018 GC heap before
{Heap before GC invocations=16 (full 0):
 garbage-first heap   total 78848K, used 61523K [0x0000000082000000, 0x0000000100000000)
  region size 1024K, 31 young (31744K), 5 survivors (5120K)
 Metaspace       used 67124K, committed 67648K, reserved 1114112K
  class space    used 9745K, committed 9984K, reserved 1048576K
}
Event: 18.021 GC heap after
{Heap after GC invocations=17 (full 0):
 garbage-first heap   total 78848K, used 36908K [0x0000000082000000, 0x0000000100000000)
  region size 1024K, 3 young (3072K), 3 survivors (3072K)
 Metaspace       used 67124K, committed 67648K, reserved 1114112K
  class space    used 9745K, committed 9984K, reserved 1048576K
}
Event: 18.077 GC heap before
{Heap before GC invocations=17 (full 0):
 garbage-first heap   total 78848K, used 62508K [0x0000000082000000, 0x0000000100000000)
  region size 1024K, 28 young (28672K), 3 survivors (3072K)
 Metaspace       used 67134K, committed 67648K, reserved 1114112K
  class space    used 9745K, committed 9984K, reserved 1048576K
}
Event: 18.081 GC heap after
{Heap after GC invocations=18 (full 0):
 garbage-first heap   total 95232K, used 39333K [0x0000000082000000, 0x0000000100000000)
  region size 1024K, 4 young (4096K), 4 survivors (4096K)
 Metaspace       used 67134K, committed 67648K, reserved 1114112K
  class space    used 9745K, committed 9984K, reserved 1048576K
}
Event: 18.152 GC heap before
{Heap before GC invocations=18 (full 0):
 garbage-first heap   total 95232K, used 74149K [0x0000000082000000, 0x0000000100000000)
  region size 1024K, 38 young (38912K), 4 survivors (4096K)
 Metaspace       used 67136K, committed 67648K, reserved 1114112K
  class space    used 9745K, committed 9984K, reserved 1048576K
}
Event: 18.153 GC heap after
{Heap after GC invocations=19 (full 0):
 garbage-first heap   total 95232K, used 38079K [0x0000000082000000, 0x0000000100000000)
  region size 1024K, 2 young (2048K), 2 survivors (2048K)
 Metaspace       used 67136K, committed 67648K, reserved 1114112K
  class space    used 9745K, committed 9984K, reserved 1048576K
}
Event: 18.354 GC heap before
{Heap before GC invocations=19 (full 0):
 garbage-first heap   total 95232K, used 74943K [0x0000000082000000, 0x0000000100000000)
  region size 1024K, 38 young (38912K), 2 survivors (2048K)
 Metaspace       used 68539K, committed 69120K, reserved 1114112K
  class space    used 9952K, committed 10240K, reserved 1048576K
}
Event: 18.356 GC heap after
{Heap after GC invocations=20 (full 0):
 garbage-first heap   total 95232K, used 38561K [0x0000000082000000, 0x0000000100000000)
  region size 1024K, 2 young (2048K), 2 survivors (2048K)
 Metaspace       used 68539K, committed 69120K, reserved 1114112K
  class space    used 9952K, committed 10240K, reserved 1048576K
}
Event: 18.510 GC heap before
{Heap before GC invocations=20 (full 0):
 garbage-first heap   total 95232K, used 76449K [0x0000000082000000, 0x0000000100000000)
  region size 1024K, 39 young (39936K), 2 survivors (2048K)
 Metaspace       used 69023K, committed 69568K, reserved 1114112K
  class space    used 9999K, committed 10240K, reserved 1048576K
}
Event: 18.512 GC heap after
{Heap after GC invocations=21 (full 0):
 garbage-first heap   total 95232K, used 39013K [0x0000000082000000, 0x0000000100000000)
  region size 1024K, 3 young (3072K), 3 survivors (3072K)
 Metaspace       used 69023K, committed 69568K, reserved 1114112K
  class space    used 9999K, committed 10240K, reserved 1048576K
}
Event: 18.855 GC heap before
{Heap before GC invocations=21 (full 0):
 garbage-first heap   total 95232K, used 76901K [0x0000000082000000, 0x0000000100000000)
  region size 1024K, 40 young (40960K), 3 survivors (3072K)
 Metaspace       used 71017K, committed 71616K, reserved 1114112K
  class space    used 10272K, committed 10560K, reserved 1048576K
}
Event: 18.859 GC heap after
{Heap after GC invocations=22 (full 0):
 garbage-first heap   total 95232K, used 41298K [0x0000000082000000, 0x0000000100000000)
  region size 1024K, 5 young (5120K), 5 survivors (5120K)
 Metaspace       used 71017K, committed 71616K, reserved 1114112K
  class space    used 10272K, committed 10560K, reserved 1048576K
}
Event: 23.605 GC heap before
{Heap before GC invocations=22 (full 0):
 garbage-first heap   total 95232K, used 76114K [0x0000000082000000, 0x0000000100000000)
  region size 1024K, 40 young (40960K), 5 survivors (5120K)
 Metaspace       used 74101K, committed 74688K, reserved 1114112K
  class space    used 10733K, committed 11008K, reserved 1048576K
}

Dll operation events (11 events):
Event: 0.007 Loaded shared library C:\Program Files\Microsoft\jdk-17.0.18.8-hotspot\bin\java.dll
Event: 0.027 Loaded shared library C:\Program Files\Microsoft\jdk-17.0.18.8-hotspot\bin\jsvml.dll
Event: 0.120 Loaded shared library C:\Program Files\Microsoft\jdk-17.0.18.8-hotspot\bin\net.dll
Event: 0.123 Loaded shared library C:\Program Files\Microsoft\jdk-17.0.18.8-hotspot\bin\nio.dll
Event: 0.126 Loaded shared library C:\Program Files\Microsoft\jdk-17.0.18.8-hotspot\bin\zip.dll
Event: 0.295 Loaded shared library C:\Program Files\Microsoft\jdk-17.0.18.8-hotspot\bin\jimage.dll
Event: 1.350 Loaded shared library C:\Program Files\Microsoft\jdk-17.0.18.8-hotspot\bin\sunmscapi.dll
Event: 3.150 Loaded shared library C:\Program Files\Microsoft\jdk-17.0.18.8-hotspot\bin\management.dll
Event: 3.154 Loaded shared library C:\Program Files\Microsoft\jdk-17.0.18.8-hotspot\bin\management_ext.dll
Event: 3.550 Loaded shared library C:\Program Files\Microsoft\jdk-17.0.18.8-hotspot\bin\verify.dll
Event: 3.814 Loaded shared library C:\Program Files\Microsoft\jdk-17.0.18.8-hotspot\bin\extnet.dll

Deoptimization events (12 events):
Event: 2.782 Thread 0x00000194089c5420 DEOPT PACKING pc=0x0000019410c7d30c sp=0x00000062961fd630
Event: 2.782 Thread 0x00000194089c5420 DEOPT UNPACKING pc=0x0000019410587143 sp=0x00000062961fcae8 mode 0
Event: 5.259 Thread 0x00000194089c5420 DEOPT PACKING pc=0x0000019410a6bd01 sp=0x00000062961f98f0
Event: 5.259 Thread 0x00000194089c5420 DEOPT UNPACKING pc=0x0000019410587143 sp=0x00000062961f8d80 mode 3
Event: 5.259 Thread 0x0000019461917160 DEOPT PACKING pc=0x0000019410a5c397 sp=0x00000062980ff320
Event: 5.259 Thread 0x0000019461917160 DEOPT UNPACKING pc=0x0000019410587143 sp=0x00000062980fe778 mode 3
Event: 7.173 Thread 0x00000194089c5420 DEOPT PACKING pc=0x00000194110b2374 sp=0x00000062961f9340
Event: 7.173 Thread 0x00000194089c5420 DEOPT UNPACKING pc=0x0000019410587143 sp=0x00000062961f88c8 mode 0
Event: 16.287 Thread 0x00000194089c5420 DEOPT PACKING pc=0x0000019410aaf59c sp=0x00000062961faef0
Event: 16.287 Thread 0x00000194089c5420 DEOPT UNPACKING pc=0x0000019410587143 sp=0x00000062961fa448 mode 0
Event: 16.537 Thread 0x00000194089c5420 DEOPT PACKING pc=0x0000019410b16f92 sp=0x00000062961fd160
Event: 16.537 Thread 0x00000194089c5420 DEOPT UNPACKING pc=0x0000019410587143 sp=0x00000062961fc668 mode 3

Classes loaded (20 events):
Event: 23.518 Loading class java/util/concurrent/BlockingDeque done
Event: 23.519 Loading class java/util/concurrent/LinkedBlockingDeque done
Event: 23.519 Loading class java/util/concurrent/Semaphore
Event: 23.520 Loading class java/util/concurrent/Semaphore done
Event: 23.520 Loading class java/util/concurrent/Semaphore$NonfairSync
Event: 23.520 Loading class java/util/concurrent/Semaphore$Sync
Event: 23.520 Loading class java/util/concurrent/Semaphore$Sync done
Event: 23.520 Loading class java/util/concurrent/Semaphore$NonfairSync done
Event: 23.520 Loading class sun/nio/ch/SocketAdaptor
Event: 23.521 Loading class sun/nio/ch/SocketAdaptor done
Event: 23.521 Loading class sun/nio/ch/SocketChannelImpl$DefaultOptionsHolder
Event: 23.521 Loading class sun/nio/ch/SocketChannelImpl$DefaultOptionsHolder done
Event: 23.522 Loading class sun/nio/ch/SelectionKeyImpl
Event: 23.522 Loading class java/nio/channels/spi/AbstractSelectionKey
Event: 23.522 Loading class java/nio/channels/SelectionKey
Event: 23.523 Loading class java/nio/channels/SelectionKey done
Event: 23.523 Loading class java/nio/channels/spi/AbstractSelectionKey done
Event: 23.523 Loading class sun/nio/ch/SelectionKeyImpl done
Event: 23.523 Loading class java/lang/invoke/ConstantBootstraps
Event: 23.523 Loading class java/lang/invoke/ConstantBootstraps done

Classes unloaded (0 events):
No events

Classes redefined (0 events):
No events

Internal exceptions (20 events):
Event: 18.345 Thread 0x00000194089c5420 Exception <a 'java/lang/reflect/InvocationTargetException'{0x00000000858d3f08}> (0x00000000858d3f08) 
thrown [s\src\hotspot\share\runtime\reflection.cpp, line 1128]
Event: 18.351 Thread 0x00000194089c5420 Exception <a 'java/lang/reflect/InvocationTargetException'{0x0000000085762b58}> (0x0000000085762b58) 
thrown [s\src\hotspot\share\runtime\reflection.cpp, line 1128]
Event: 18.390 Thread 0x00000194089c5420 Exception <a 'java/lang/reflect/InvocationTargetException'{0x00000000872c3048}> (0x00000000872c3048) 
thrown [s\src\hotspot\share\runtime\reflection.cpp, line 1128]
Event: 18.422 Thread 0x00000194089c5420 Exception <a 'java/lang/reflect/InvocationTargetException'{0x0000000086a00230}> (0x0000000086a00230) 
thrown [s\src\hotspot\share\runtime\reflection.cpp, line 1128]
Event: 18.443 Thread 0x00000194089c5420 Exception <a 'java/lang/reflect/InvocationTargetException'{0x000000008632f470}> (0x000000008632f470) 
thrown [s\src\hotspot\share\runtime\reflection.cpp, line 1128]
Event: 18.446 Thread 0x00000194089c5420 Exception <a 'java/lang/reflect/InvocationTargetException'{0x000000008634bd28}> (0x000000008634bd28) 
thrown [s\src\hotspot\share\runtime\reflection.cpp, line 1128]
Event: 18.501 Thread 0x00000194089c5420 Exception <a 'java/lang/reflect/InvocationTargetException'{0x000000008580d5f8}> (0x000000008580d5f8) 
thrown [s\src\hotspot\share\runtime\reflection.cpp, line 1128]
Event: 18.503 Thread 0x00000194089c5420 Exception <a 'java/lang/reflect/InvocationTargetException'{0x000000008581d6b8}> (0x000000008581d6b8) 
thrown [s\src\hotspot\share\runtime\reflection.cpp, line 1128]
Event: 18.504 Thread 0x00000194089c5420 Exception <a 'java/lang/reflect/InvocationTargetException'{0x00000000858292e8}> (0x00000000858292e8) 
thrown [s\src\hotspot\share\runtime\reflection.cpp, line 1128]
Event: 18.505 Thread 0x00000194089c5420 Exception <a 'java/lang/reflect/InvocationTargetException'{0x0000000085835160}> (0x0000000085835160) 
thrown [s\src\hotspot\share\runtime\reflection.cpp, line 1128]
Event: 18.550 Thread 0x00000194089c5420 Exception <a 'java/lang/reflect/InvocationTargetException'{0x00000000872ce418}> (0x00000000872ce418) 
thrown [s\src\hotspot\share\runtime\reflection.cpp, line 1128]
Event: 18.872 Thread 0x00000194089c5420 Exception <a 'java/lang/IncompatibleClassChangeError'{0x000000008835cf00}: Found class java.lang.Object, but interface was expected> (0x000000008835cf00) 
thrown [s\src\hotspot\share\interpreter\linkResolver.cpp, line 826]
Event: 19.011 Thread 0x00000194089c5420 Exception <a 'java/lang/NoSuchMethodError'{0x000000008701bb10}: 'void java.lang.invoke.DirectMethodHandle$Holder.invokeVirtual(java.lang.Object, java.lang.Object, long)'> (0x000000008701bb10) 
thrown [s\src\hotspot\share\interpreter\linkResolver.cpp, line 759]
Event: 19.080 Thread 0x00000194089c5420 Exception <a 'java/lang/IncompatibleClassChangeError'{0x000000008695c158}: Found class java.lang.Object, but interface was expected> (0x000000008695c158) 
thrown [s\src\hotspot\share\interpreter\linkResolver.cpp, line 826]
Event: 19.167 Thread 0x00000194089c5420 Exception <a 'java/lang/NoSuchMethodError'{0x0000000085f7bc88}: 'java.lang.Object java.lang.invoke.DirectMethodHandle$Holder.newInvokeSpecial(java.lang.Object, java.lang.Object, int, java.lang.Object, java.lang.Object)'> (0x0000000085f7bc88) 
thrown [s\src\hotspot\share\interpreter\linkResolver.cpp, line 759]
Event: 19.167 Thread 0x00000194089c5420 Exception <a 'java/lang/NoSuchMethodError'{0x0000000085f86f48}: 'java.lang.Object java.lang.invoke.DirectMethodHandle$Holder.invokeSpecial(java.lang.Object, java.lang.Object, int, java.lang.Object, int, java.lang.Object)'> (0x0000000085f86f48) 
thrown [s\src\hotspot\share\interpreter\linkResolver.cpp, line 759]
Event: 19.168 Thread 0x00000194089c5420 Exception <a 'java/lang/NoSuchMethodError'{0x0000000085f8ecc0}: 'java.lang.Object java.lang.invoke.DirectMethodHandle$Holder.newInvokeSpecial(java.lang.Object, java.lang.Object, int, java.lang.Object, int)'> (0x0000000085f8ecc0) 
thrown [s\src\hotspot\share\interpreter\linkResolver.cpp, line 759]
Event: 19.168 Thread 0x00000194089c5420 Exception <a 'java/lang/NoSuchMethodError'{0x0000000085f92dc0}: 'java.lang.Object java.lang.invoke.DirectMethodHandle$Holder.invokeSpecial(java.lang.Object, java.lang.Object, java.lang.Object, int, java.lang.Object, int)'> (0x0000000085f92dc0) 
thrown [s\src\hotspot\share\interpreter\linkResolver.cpp, line 759]
Event: 23.591 Thread 0x00000194620105a0 Exception <a 'java/lang/NoSuchMethodError'{0x0000000085aab888}: 'java.lang.Object java.lang.invoke.DirectMethodHandle$Holder.invokeSpecial(java.lang.Object, java.lang.Object, java.lang.Object, java.lang.Object, java.lang.Object, long)'> (0x0000000085aab888) 
thrown [s\src\hotspot\share\interpreter\linkResolver.cpp, line 759]
Event: 23.591 Thread 0x00000194620105a0 Exception <a 'java/lang/NoSuchMethodError'{0x0000000085aaf2c8}: 'java.lang.Object java.lang.invoke.Invokers$Holder.linkToTargetMethod(java.lang.Object, java.lang.Object, java.lang.Object, long, java.lang.Object)'> (0x0000000085aaf2c8) 
thrown [s\src\hotspot\share\interpreter\linkResolver.cpp, line 759]

VM Operations (20 events):
Event: 18.247 Executing VM operation: HandshakeAllThreads done
Event: 18.272 Executing VM operation: HandshakeAllThreads
Event: 18.273 Executing VM operation: HandshakeAllThreads done
Event: 18.354 Executing VM operation: G1CollectForAllocation
Event: 18.356 Executing VM operation: G1CollectForAllocation done
Event: 18.510 Executing VM operation: G1CollectForAllocation
Event: 18.512 Executing VM operation: G1CollectForAllocation done
Event: 18.725 Executing VM operation: HandshakeAllThreads
Event: 18.725 Executing VM operation: HandshakeAllThreads done
Event: 18.745 Executing VM operation: HandshakeAllThreads
Event: 18.745 Executing VM operation: HandshakeAllThreads done
Event: 18.745 Executing VM operation: HandshakeAllThreads
Event: 18.745 Executing VM operation: HandshakeAllThreads done
Event: 18.855 Executing VM operation: G1CollectForAllocation
Event: 18.859 Executing VM operation: G1CollectForAllocation done
Event: 19.028 Executing VM operation: HandshakeAllThreads
Event: 19.028 Executing VM operation: HandshakeAllThreads done
Event: 20.033 Executing VM operation: Cleanup
Event: 20.033 Executing VM operation: Cleanup done
Event: 23.605 Executing VM operation: G1CollectForAllocation

Memory protections (0 events):
No events

Nmethod flushes (0 events):
No events

Events (20 events):
Event: 16.633 Thread 0x00000194089c5420 Thread added: 0x00000194622a5cf0
Event: 16.641 Thread 0x00000194089c5420 Thread added: 0x0000019462012e20
Event: 17.440 Thread 0x00000194089c5420 Thread added: 0x0000019462010090
Event: 19.175 Thread 0x00000194089c5420 Thread added: 0x00000194620105a0
Event: 19.175 Thread 0x00000194089c5420 Thread added: 0x0000019462012400
Event: 19.175 Thread 0x00000194089c5420 Thread added: 0x0000019462012910
Event: 19.175 Thread 0x00000194089c5420 Thread added: 0x0000019462010ab0
Event: 19.175 Thread 0x00000194089c5420 Thread added: 0x0000019462013840
Event: 19.175 Thread 0x00000194089c5420 Thread added: 0x0000019462010fc0
Event: 19.175 Thread 0x00000194089c5420 Thread added: 0x0000019462013330
Event: 19.175 Thread 0x00000194089c5420 Thread added: 0x00000194620114d0
Event: 19.176 Thread 0x00000194089c5420 Thread added: 0x00000194620119e0
Event: 19.176 Thread 0x00000194089c5420 Thread added: 0x0000019462011ef0
Event: 19.188 Thread 0x00000194089c5420 Thread added: 0x0000019462beb5d0
Event: 19.189 Thread 0x00000194089c5420 Thread added: 0x0000019462bed940
Event: 19.206 Thread 0x00000194089c5420 Thread exited: 0x00000194089c5420
Event: 19.206 Thread 0x0000019462beb0c0 Thread added: 0x0000019462beb0c0
Event: 20.405 Thread 0x00000194604ed030 Thread exited: 0x00000194604ed030
Event: 23.590 Thread 0x00000194606ae020 Thread exited: 0x00000194606ae020
Event: 23.590 Thread 0x000001941ad197c0 Thread exited: 0x000001941ad197c0


Dynamic libraries:
0x00007ff637bd0000 - 0x00007ff637bde000 	C:\Program Files\Microsoft\jdk-17.0.18.8-hotspot\bin\java.exe
0x00007ffff7090000 - 0x00007ffff7288000 	C:\WINDOWS\SYSTEM32\ntdll.dll
0x00007ffff59a0000 - 0x00007ffff5a62000 	C:\WINDOWS\System32\KERNEL32.DLL
0x00007ffff4820000 - 0x00007ffff4b16000 	C:\WINDOWS\System32\KERNELBASE.dll
0x00007ffff4720000 - 0x00007ffff4820000 	C:\WINDOWS\System32\ucrtbase.dll
0x00007fffe1440000 - 0x00007fffe145e000 	C:\Program Files\Microsoft\jdk-17.0.18.8-hotspot\bin\VCRUNTIME140.dll
0x00007fffdb8d0000 - 0x00007fffdb8e8000 	C:\Program Files\Microsoft\jdk-17.0.18.8-hotspot\bin\jli.dll
0x00007ffff6620000 - 0x00007ffff67c1000 	C:\WINDOWS\System32\USER32.dll
0x00007ffff4d80000 - 0x00007ffff4da2000 	C:\WINDOWS\System32\win32u.dll
0x00007ffff61a0000 - 0x00007ffff61cb000 	C:\WINDOWS\System32\GDI32.dll
0x00007ffff4c60000 - 0x00007ffff4d79000 	C:\WINDOWS\System32\gdi32full.dll
0x00007ffff5010000 - 0x00007ffff50ad000 	C:\WINDOWS\System32\msvcp_win.dll
0x00007fffe4790000 - 0x00007fffe4a2b000 	C:\WINDOWS\WinSxS\amd64_microsoft.windows.common-controls_6595b64144ccf1df_6.0.19041.6456_none_60b8a6cb71f64256\COMCTL32.dll
0x00007ffff6d70000 - 0x00007ffff6e0e000 	C:\WINDOWS\System32\msvcrt.dll
0x00007ffff5b30000 - 0x00007ffff5b5f000 	C:\WINDOWS\System32\IMM32.DLL
0x00007fffe1430000 - 0x00007fffe143c000 	C:\Program Files\Microsoft\jdk-17.0.18.8-hotspot\bin\vcruntime140_1.dll
0x00007fffb8d30000 - 0x00007fffb8db9000 	C:\Program Files\Microsoft\jdk-17.0.18.8-hotspot\bin\msvcp140.dll
0x00007fff95180000 - 0x00007fff95dfa000 	C:\Program Files\Microsoft\jdk-17.0.18.8-hotspot\bin\server\jvm.dll
0x00007ffff5a70000 - 0x00007ffff5b21000 	C:\WINDOWS\System32\ADVAPI32.dll
0x00007ffff5e70000 - 0x00007ffff5f0f000 	C:\WINDOWS\System32\sechost.dll
0x00007ffff5f20000 - 0x00007ffff6040000 	C:\WINDOWS\System32\RPCRT4.dll
0x00007ffff4c30000 - 0x00007ffff4c57000 	C:\WINDOWS\System32\bcrypt.dll
0x00007ffff5d80000 - 0x00007ffff5deb000 	C:\WINDOWS\System32\WS2_32.dll
0x00007ffff44d0000 - 0x00007ffff451b000 	C:\WINDOWS\SYSTEM32\POWRPROF.dll
0x00007fffe5c30000 - 0x00007fffe5c57000 	C:\WINDOWS\SYSTEM32\WINMM.dll
0x00007fffeeb60000 - 0x00007fffeeb6a000 	C:\WINDOWS\SYSTEM32\VERSION.dll
0x00007ffff44b0000 - 0x00007ffff44c2000 	C:\WINDOWS\SYSTEM32\UMPDC.dll
0x00007ffff2570000 - 0x00007ffff2582000 	C:\WINDOWS\SYSTEM32\kernel.appcore.dll
0x00007fffe13f0000 - 0x00007fffe13fa000 	C:\Program Files\Microsoft\jdk-17.0.18.8-hotspot\bin\jimage.dll
0x00007fffe55a0000 - 0x00007fffe57a1000 	C:\WINDOWS\SYSTEM32\DBGHELP.DLL
0x00007fffd1ec0000 - 0x00007fffd1ef4000 	C:\WINDOWS\SYSTEM32\dbgcore.DLL
0x00007ffff4ba0000 - 0x00007ffff4c22000 	C:\WINDOWS\System32\bcryptPrimitives.dll
0x00007fffdb8a0000 - 0x00007fffdb8c6000 	C:\Program Files\Microsoft\jdk-17.0.18.8-hotspot\bin\java.dll
0x00007fffa02d0000 - 0x00007fffa03a6000 	C:\Program Files\Microsoft\jdk-17.0.18.8-hotspot\bin\jsvml.dll
0x00007ffff50b0000 - 0x00007ffff5820000 	C:\WINDOWS\System32\SHELL32.dll
0x00007ffff2770000 - 0x00007ffff2f15000 	C:\WINDOWS\SYSTEM32\windows.storage.dll
0x00007ffff62c0000 - 0x00007ffff6614000 	C:\WINDOWS\System32\combase.dll
0x00007ffff3f90000 - 0x00007ffff3fbb000 	C:\WINDOWS\SYSTEM32\Wldp.dll
0x00007ffff5820000 - 0x00007ffff58ed000 	C:\WINDOWS\System32\OLEAUT32.dll
0x00007ffff58f0000 - 0x00007ffff599d000 	C:\WINDOWS\System32\SHCORE.dll
0x00007ffff6120000 - 0x00007ffff617b000 	C:\WINDOWS\System32\shlwapi.dll
0x00007ffff4650000 - 0x00007ffff4674000 	C:\WINDOWS\SYSTEM32\profapi.dll
0x00007fffdb780000 - 0x00007fffdb79b000 	C:\Program Files\Microsoft\jdk-17.0.18.8-hotspot\bin\net.dll
0x00007fffee550000 - 0x00007fffee65a000 	C:\WINDOWS\SYSTEM32\WINHTTP.dll
0x00007ffff3d70000 - 0x00007ffff3dda000 	C:\WINDOWS\system32\mswsock.dll
0x00007fffdb760000 - 0x00007fffdb776000 	C:\Program Files\Microsoft\jdk-17.0.18.8-hotspot\bin\nio.dll
0x00007fffd5cb0000 - 0x00007fffd5cc8000 	C:\Program Files\Microsoft\jdk-17.0.18.8-hotspot\bin\zip.dll
0x00007fffe1040000 - 0x00007fffe104e000 	C:\Program Files\Microsoft\jdk-17.0.18.8-hotspot\bin\sunmscapi.dll
0x00007ffff4e00000 - 0x00007ffff4f5d000 	C:\WINDOWS\System32\CRYPT32.dll
0x00007ffff40e0000 - 0x00007ffff4107000 	C:\WINDOWS\SYSTEM32\ncrypt.dll
0x00007ffff40a0000 - 0x00007ffff40db000 	C:\WINDOWS\SYSTEM32\NTASN1.dll
0x00007ffff3fd0000 - 0x00007ffff3fe8000 	C:\WINDOWS\SYSTEM32\CRYPTSP.dll
0x00007ffff36b0000 - 0x00007ffff36e8000 	C:\WINDOWS\system32\rsaenh.dll
0x00007ffff45d0000 - 0x00007ffff45fe000 	C:\WINDOWS\SYSTEM32\USERENV.dll
0x00007ffff3f00000 - 0x00007ffff3f0c000 	C:\WINDOWS\SYSTEM32\CRYPTBASE.dll
0x00007ffff3a70000 - 0x00007ffff3aab000 	C:\WINDOWS\SYSTEM32\IPHLPAPI.DLL
0x00007ffff6d60000 - 0x00007ffff6d68000 	C:\WINDOWS\System32\NSI.dll
0x00007fffef2a0000 - 0x00007fffef2b7000 	C:\WINDOWS\SYSTEM32\dhcpcsvc6.DLL
0x00007fffef090000 - 0x00007fffef0ad000 	C:\WINDOWS\SYSTEM32\dhcpcsvc.DLL
0x00007ffff3ab0000 - 0x00007ffff3b7a000 	C:\WINDOWS\SYSTEM32\DNSAPI.dll
0x00007fffe0940000 - 0x00007fffe094a000 	C:\Program Files\Microsoft\jdk-17.0.18.8-hotspot\bin\management.dll
0x00007fffdfd20000 - 0x00007fffdfd2c000 	C:\Program Files\Microsoft\jdk-17.0.18.8-hotspot\bin\management_ext.dll
0x00007ffff5f10000 - 0x00007ffff5f18000 	C:\WINDOWS\System32\PSAPI.DLL
0x00007fffe1380000 - 0x00007fffe1390000 	C:\Program Files\Microsoft\jdk-17.0.18.8-hotspot\bin\verify.dll
0x00007fffedc50000 - 0x00007fffedc5a000 	C:\Windows\System32\rasadhlp.dll
0x00007fffed7c0000 - 0x00007fffed840000 	C:\WINDOWS\System32\fwpuclnt.dll
0x00007fffdd5f0000 - 0x00007fffdd5f9000 	C:\Program Files\Microsoft\jdk-17.0.18.8-hotspot\bin\extnet.dll
0x00007ffff1d60000 - 0x00007ffff1d67000 	C:\WINDOWS\system32\wshunix.dll

dbghelp: loaded successfully - version: 4.0.5 - missing functions: none
symbol engine: initialized successfully - sym options: 0x614 - pdb path: .;C:\Program Files\Microsoft\jdk-17.0.18.8-hotspot\bin;C:\WINDOWS\SYSTEM32;C:\WINDOWS\WinSxS\amd64_microsoft.windows.common-controls_6595b64144ccf1df_6.0.19041.6456_none_60b8a6cb71f64256;C:\Program Files\Microsoft\jdk-17.0.18.8-hotspot\bin\server

VM Arguments:
jvm_args: -XX:TieredStopAtLevel=1 
java_command: com.example.JWTImplemenation.JwtImplemenationApplication --spring.profiles.active=local
java_class_path (initial): D:\code\Watch-hub-BE\target\classes;C:\Users\lamho\.m2\repository\org\aspectj\aspectjweaver\1.9.21\aspectjweaver-1.9.21.jar;C:\Users\lamho\.m2\repository\com\zaxxer\HikariCP\5.0.1\HikariCP-5.0.1.jar;C:\Users\lamho\.m2\repository\org\springframework\spring-jdbc\6.1.4\spring-jdbc-6.1.4.jar;C:\Users\lamho\.m2\repository\org\hibernate\orm\hibernate-core\6.4.4.Final\hibernate-core-6.4.4.Final.jar;C:\Users\lamho\.m2\repository\jakarta\persistence\jakarta.persistence-api\3.1.0\jakarta.persistence-api-3.1.0.jar;C:\Users\lamho\.m2\repository\jakarta\transaction\jakarta.transaction-api\2.0.1\jakarta.transaction-api-2.0.1.jar;C:\Users\lamho\.m2\repository\org\jboss\logging\jboss-logging\3.5.3.Final\jboss-logging-3.5.3.Final.jar;C:\Users\lamho\.m2\repository\org\hibernate\common\hibernate-commons-annotations\6.0.6.Final\hibernate-commons-annotations-6.0.6.Final.jar;C:\Users\lamho\.m2\repository\io\smallrye\jandex\3.1.2\jandex-3.1.2.jar;C:\Users\lamho\.m2\repository\com\fasterxml\classmate\1.6.0\classmate-1.6.0.jar;C:\Users\lamho\.m2\repository\net\bytebuddy\byte-buddy\1.14.12\byte-buddy-1.14.12.jar;C:\Users\lamho\.m2\repository\org\glassfish\jaxb\jaxb-runtime\4.0.4\jaxb-runtime-4.0.4.jar;C:\Users\lamho\.m2\repository\org\glassfish\jaxb\jaxb-core\4.0.4\jaxb-core-4.0.4.jar;C:\Users\lamho\.m2\repository\org\eclipse\angus\angus-activation\2.0.1\angus-activation-2.0.1.jar;C:\Users\lamho\.m2\repository\org\glassfish\jaxb\txw2\4.0.4\txw2-4.0.4.jar;C:\Users\lamho\.m2\repository\com\sun\istack\istack-commons-runtime\4.1.2\istack-commons-runtime-4.1.2.jar;C:\Users\lamho\.m2\repository\jakarta\inject\jakarta.inject-api\2.0.1\jakarta.inject-api-2.0.1.jar;C:\Users\lamho\.m2\repository\org\antlr\antlr4-runtime\4.13.0\antlr4-runtime-4.13.0.jar;C:\Users\lamho\.m2\repository\org\springframework\data\spring-data-jpa\3.2.3\spring-data-jpa-3.2.3.jar;C:\Users\lamho\.m2\repository\org\springframework\data\spring-data-commons\3.2.3\spring-data-commons-3.2.3.jar;C:\Users\l
Launcher Type: SUN_STANDARD

[Global flags]
     intx CICompilerCount                          = 4                                         {product} {ergonomic}
     uint ConcGCThreads                            = 2                                         {product} {ergonomic}
     uint G1ConcRefinementThreads                  = 8                                         {product} {ergonomic}
   size_t G1HeapRegionSize                         = 1048576                                   {product} {ergonomic}
    uintx GCDrainStackTargetSize                   = 64                                        {product} {ergonomic}
   size_t InitialHeapSize                          = 132120576                                 {product} {ergonomic}
   size_t MarkStackSize                            = 4194304                                   {product} {ergonomic}
   size_t MaxHeapSize                              = 2113929216                                {product} {ergonomic}
   size_t MaxNewSize                               = 1267728384                                {product} {ergonomic}
   size_t MinHeapDeltaBytes                        = 1048576                                   {product} {ergonomic}
   size_t MinHeapSize                              = 8388608                                   {product} {ergonomic}
    uintx NonProfiledCodeHeapSize                  = 0                                      {pd product} {ergonomic}
     bool ProfileInterpreter                       = false                                  {pd product} {command line}
    uintx ProfiledCodeHeapSize                     = 0                                      {pd product} {ergonomic}
   size_t SoftMaxHeapSize                          = 2113929216                             {manageable} {ergonomic}
     intx TieredStopAtLevel                        = 1                                         {product} {command line}
     bool UseCompressedClassPointers               = true                           {product lp64_product} {ergonomic}
     bool UseCompressedOops                        = true                           {product lp64_product} {ergonomic}
     bool UseG1GC                                  = true                                      {product} {ergonomic}
     bool UseLargePagesIndividualAllocation        = false                                  {pd product} {ergonomic}

Logging:
Log output configuration:
 #0: stdout all=warning uptime,level,tags
 #1: stderr all=off uptime,level,tags

Environment Variables:
JAVA_HOME=C:\Program Files\Microsoft\jdk-17.0.18.8-hotspot\
PATH=C:\Program Files\Microsoft\jdk-17.0.18.8-hotspot\bin;C:\Program Files (x86)\Common Files\Oracle\Java\javapath;C:\WINDOWS\system32;C:\WINDOWS;C:\WINDOWS\System32\Wbem;C:\WINDOWS\System32\WindowsPowerShell\v1.0\;C:\WINDOWS\System32\OpenSSH\;C:\Program Files\dotnet\;C:\Program Files\Sunshine;C:\Program Files\Sunshine\tools;C:\Program Files\Git\cmd;C:\Program Files\Cloudflare\Cloudflare WARP\;C:\Program Files (x86)\Microsoft SQL Server\160\Tools\Binn\;C:\Program Files\Microsoft SQL Server\160\Tools\Binn\;C:\Program Files\Microsoft SQL Server\Client SDK\ODBC\170\Tools\Binn\;C:\Program Files\Microsoft SQL Server\160\DTS\Binn\;C:\Program Files\nodejs\;C:\Users\lamho\.local\bin;C:\Users\lamho\AppData\Local\Programs\Python\Python315\Scripts\;C:\Users\lamho\AppData\Local\Programs\Python\Python315\;C:\Users\lamho\AppData\Local\Programs\Python\Launcher\;C:\Users\lamho\AppData\Local\Microsoft\WindowsApps;D:\IntelliJ IDEA 261.21849.20\bin;D:\code\Microsoft VS Code\bin;C:\Users\lamho\AppData\Roaming\npm;D:\code\Antigravity\bin;c:\Users\lamho\.antigravity\extensions\vscjava.vscode-java-debug-0.58.5-universal\bundled\scripts\noConfigScripts
USERNAME=lamho
LANG=en_US.UTF-8
OS=Windows_NT
PROCESSOR_IDENTIFIER=Intel64 Family 6 Model 165 Stepping 3, GenuineIntel
TMP=C:\Users\lamho\AppData\Local\Temp
TEMP=C:\Users\lamho\AppData\Local\Temp



Periodic native trim disabled


---------------  S Y S T E M  ---------------

OS:
 Windows 10 , 64 bit Build 19041 (10.0.19041.5915)
OS uptime: 4 days 12:40 hours
Hyper-V role detected

CPU: total 8 (initial active 8) (4 cores per cpu, 2 threads per core) family 6 model 165 stepping 3 microcode 0xe0, cx8, cmov, fxsr, ht, mmx, 3dnowpref, sse, sse2, sse3, ssse3, sse4.1, sse4.2, popcnt, lzcnt, tsc, tscinvbit, avx, avx2, aes, erms, clmul, bmi1, bmi2, adx, fma, vzeroupper, clflush, clflushopt, hv
Processor Information for the first 8 processors :
  Max Mhz: 3600, Current Mhz: 3600, Mhz Limit: 3600

Memory: 4k page, system-wide physical 8058M (216M free)
TotalPageFile size 26002M (AvailPageFile size 13M)
current process WorkingSet (physical memory assigned to process): 251M, peak: 253M
current process commit charge ("private bytes"): 294M, peak: 302M

vm_info: OpenJDK 64-Bit Server VM (17.0.18+8-LTS) for windows-amd64 JRE (17.0.18+8-LTS), built on Jan 15 2026 18:50:45 by "MicrosoftCorporation" with MS VC++ 17.14 (VS2022)

END.
